Archive member included to satisfy reference by file (symbol)

c:/program files (x86)/atmel/studio/7.0/toolchain/arm/arm-gnu-toolchain/bin/../lib/gcc/arm-none-eabi/6.2.1/thumb/v6-m\libgcc.a(_udivsi3.o)
                              src/ASF/sam0/drivers/nvm/nvm.o (__aeabi_uidiv)
c:/program files (x86)/atmel/studio/7.0/toolchain/arm/arm-gnu-toolchain/bin/../lib/gcc/arm-none-eabi/6.2.1/thumb/v6-m\libgcc.a(_divsi3.o)
                              src/LCD.o (__aeabi_idiv)
c:/program files (x86)/atmel/studio/7.0/toolchain/arm/arm-gnu-toolchain/bin/../lib/gcc/arm-none-eabi/6.2.1/thumb/v6-m\libgcc.a(_dvmd_tls.o)
                              c:/program files (x86)/atmel/studio/7.0/toolchain/arm/arm-gnu-toolchain/bin/../lib/gcc/arm-none-eabi/6.2.1/thumb/v6-m\libgcc.a(_udivsi3.o) (__aeabi_idiv0)
c:/program files (x86)/atmel/studio/7.0/toolchain/arm/arm-gnu-toolchain/bin/../lib/gcc/arm-none-eabi/6.2.1/thumb/v6-m\libgcc.a(_clzsi2.o)
                              src/ASF/sam0/drivers/usb/usb_sam_d_r/usb.o (__clzsi2)
c:/program files (x86)/atmel/studio/7.0/toolchain/arm/arm-gnu-toolchain/bin/../lib/gcc/arm-none-eabi/6.2.1/thumb/v6-m\libgcc.a(_ctzsi2.o)
                              src/ASF/sam0/drivers/usb/usb_sam_d_r/usb.o (__ctzsi2)
c:/program files (x86)/atmel/studio/7.0/toolchain/arm/arm-gnu-toolchain/bin/../lib/gcc/arm-none-eabi/6.2.1/thumb/v6-m\libgcc.a(_fixunsdfsi.o)
                              src/Si7021.o (__aeabi_d2uiz)
c:/program files (x86)/atmel/studio/7.0/toolchain/arm/arm-gnu-toolchain/bin/../lib/gcc/arm-none-eabi/6.2.1/thumb/v6-m\libgcc.a(divdf3.o)
                              src/Si7021.o (__aeabi_ddiv)
c:/program files (x86)/atmel/studio/7.0/toolchain/arm/arm-gnu-toolchain/bin/../lib/gcc/arm-none-eabi/6.2.1/thumb/v6-m\libgcc.a(muldf3.o)
                              src/Si7021.o (__aeabi_dmul)
c:/program files (x86)/atmel/studio/7.0/toolchain/arm/arm-gnu-toolchain/bin/../lib/gcc/arm-none-eabi/6.2.1/thumb/v6-m\libgcc.a(subdf3.o)
                              src/Si7021.o (__aeabi_dsub)
c:/program files (x86)/atmel/studio/7.0/toolchain/arm/arm-gnu-toolchain/bin/../lib/gcc/arm-none-eabi/6.2.1/thumb/v6-m\libgcc.a(fixdfsi.o)
                              c:/program files (x86)/atmel/studio/7.0/toolchain/arm/arm-gnu-toolchain/bin/../lib/gcc/arm-none-eabi/6.2.1/thumb/v6-m\libgcc.a(_fixunsdfsi.o) (__aeabi_d2iz)
c:/program files (x86)/atmel/studio/7.0/toolchain/arm/arm-gnu-toolchain/bin/../lib/gcc/arm-none-eabi/6.2.1/thumb/v6-m\libgcc.a(floatsidf.o)
                              src/Si7021.o (__aeabi_i2d)
c:/program files (x86)/atmel/studio/7.0/toolchain/arm/arm-gnu-toolchain/bin/../lib/gcc/arm-none-eabi/6.2.1/thumb/v6-m\libgcc.a(_arm_cmpdf2.o)
                              c:/program files (x86)/atmel/studio/7.0/toolchain/arm/arm-gnu-toolchain/bin/../lib/gcc/arm-none-eabi/6.2.1/thumb/v6-m\libgcc.a(_fixunsdfsi.o) (__aeabi_dcmpge)
c:/program files (x86)/atmel/studio/7.0/toolchain/arm/arm-gnu-toolchain/bin/../lib/gcc/arm-none-eabi/6.2.1/thumb/v6-m\libgcc.a(eqdf2.o)
                              c:/program files (x86)/atmel/studio/7.0/toolchain/arm/arm-gnu-toolchain/bin/../lib/gcc/arm-none-eabi/6.2.1/thumb/v6-m\libgcc.a(_arm_cmpdf2.o) (__eqdf2)
c:/program files (x86)/atmel/studio/7.0/toolchain/arm/arm-gnu-toolchain/bin/../lib/gcc/arm-none-eabi/6.2.1/thumb/v6-m\libgcc.a(gedf2.o)
                              c:/program files (x86)/atmel/studio/7.0/toolchain/arm/arm-gnu-toolchain/bin/../lib/gcc/arm-none-eabi/6.2.1/thumb/v6-m\libgcc.a(_arm_cmpdf2.o) (__gedf2)
c:/program files (x86)/atmel/studio/7.0/toolchain/arm/arm-gnu-toolchain/bin/../lib/gcc/arm-none-eabi/6.2.1/thumb/v6-m\libgcc.a(ledf2.o)
                              c:/program files (x86)/atmel/studio/7.0/toolchain/arm/arm-gnu-toolchain/bin/../lib/gcc/arm-none-eabi/6.2.1/thumb/v6-m\libgcc.a(_arm_cmpdf2.o) (__ledf2)
c:/program files (x86)/atmel/studio/7.0/toolchain/arm/arm-gnu-toolchain/bin/../lib/gcc/arm-none-eabi/6.2.1/../../../../arm-none-eabi/lib/thumb/v6-m\libc_nano.a(lib_a-exit.o)
                              c:/program files (x86)/atmel/studio/7.0/toolchain/arm/arm-gnu-toolchain/bin/../lib/gcc/arm-none-eabi/6.2.1/../../../../arm-none-eabi/lib/thumb/v6-m/crt0.o (exit)
c:/program files (x86)/atmel/studio/7.0/toolchain/arm/arm-gnu-toolchain/bin/../lib/gcc/arm-none-eabi/6.2.1/../../../../arm-none-eabi/lib/thumb/v6-m\libc_nano.a(lib_a-impure.o)
                              c:/program files (x86)/atmel/studio/7.0/toolchain/arm/arm-gnu-toolchain/bin/../lib/gcc/arm-none-eabi/6.2.1/../../../../arm-none-eabi/lib/thumb/v6-m\libc_nano.a(lib_a-exit.o) (_global_impure_ptr)
c:/program files (x86)/atmel/studio/7.0/toolchain/arm/arm-gnu-toolchain/bin/../lib/gcc/arm-none-eabi/6.2.1/../../../../arm-none-eabi/lib/thumb/v6-m\libc_nano.a(lib_a-init.o)
                              c:/program files (x86)/atmel/studio/7.0/toolchain/arm/arm-gnu-toolchain/bin/../lib/gcc/arm-none-eabi/6.2.1/../../../../arm-none-eabi/lib/thumb/v6-m/crt0.o (__libc_init_array)
[...]
Memory Configuration

Name             Origin             Length             Attributes
rom              0x00000000         0x00040000         xr
ram              0x20000000         0x00008000         xrw
*default*        0x00000000         0xffffffff

Linker script and memory map

LOAD c:/program files (x86)/atmel/studio/7.0/toolchain/arm/arm-gnu-toolchain/bin/../lib/gcc/arm-none-eabi/6.2.1/thumb/v6-m/crti.o
LOAD c:/program files (x86)/atmel/studio/7.0/toolchain/arm/arm-gnu-toolchain/bin/../lib/gcc/arm-none-eabi/6.2.1/thumb/v6-m/crtbegin.o
LOAD c:/program files (x86)/atmel/studio/7.0/toolchain/arm/arm-gnu-toolchain/bin/../lib/gcc/arm-none-eabi/6.2.1/../../../../arm-none-eabi/lib/thumb/v6-m/crt0.o
LOAD src/application.o
LOAD src/ASF/common/services/usb/class/cdc/device/udi_cdc.o
LOAD src/keypad.o
LOAD src/LCD.o
LOAD src/RTC.o
LOAD src/testbench.o
LOAD src/usart.o
LOAD src/WM8731.o
LOAD src/WM8731_Test.o
LOAD src/ASF/common/services/usb/class/cdc/device/example/samd21j18a_samd21_xplained_pro/ui.o
LOAD src/ASF/common/services/sleepmgr/samd/sleepmgr.o
LOAD src/ASF/common/services/usb/class/cdc/device/udi_cdc_desc.o
LOAD src/ASF/common/services/usb/udc/udc.o
LOAD src/ASF/common/utils/interrupt/interrupt_sam_nvic.o
LOAD src/ASF/sam0/boards/samd21_xplained_pro/board_init.o
LOAD src/ASF/sam0/drivers/extint/extint_callback.o
LOAD src/ASF/sam0/drivers/extint/extint_sam_d_r/extint.o
LOAD src/ASF/sam0/drivers/i2s/i2s.o
LOAD src/ASF/sam0/drivers/nvm/nvm.o
LOAD src/ASF/sam0/drivers/port/port.o
LOAD src/ASF/sam0/drivers/system/clock/clock_samd21_r21_da/clock.o
LOAD src/ASF/sam0/drivers/system/clock/clock_samd21_r21_da/gclk.o
LOAD src/ASF/sam0/drivers/system/interrupt/system_interrupt.o
LOAD src/ASF/sam0/drivers/system/pinmux/pinmux.o
LOAD src/ASF/sam0/drivers/system/system.o
LOAD src/ASF/sam0/drivers/usb/stack_interface/usb_device_udd.o
LOAD src/ASF/sam0/drivers/usb/stack_interface/usb_dual.o
LOAD src/ASF/sam0/drivers/usb/usb_sam_d_r/usb.o
LOAD src/ASF/sam0/utils/cmsis/samd21/source/gcc/startup_samd21.o
LOAD src/ASF/sam0/utils/cmsis/samd21/source/system_samd21.o
LOAD src/ASF/sam0/utils/syscalls/gcc/syscalls.o
LOAD src/flash.o
LOAD src/clockout.o
LOAD src/main.o
LOAD src/MMA8491Q.o
LOAD src/OPT3001.o
LOAD src/Si7021.o
START GROUP
LOAD ../src/ASF/thirdparty/CMSIS/Lib/GCC\libarm_cortexM0l_math.a
LOAD c:/program files (x86)/atmel/studio/7.0/toolchain/arm/arm-gnu-toolchain/bin/../lib/gcc/arm-none-eabi/6.2.1/../../../../arm-none-eabi/lib/thumb/v6-m\libm.a
END GROUP
START GROUP
LOAD c:/program files (x86)/atmel/studio/7.0/toolchain/arm/arm-gnu-toolchain/bin/../lib/gcc/arm-none-eabi/6.2.1/thumb/v6-m\libgcc.a
LOAD c:/program files (x86)/atmel/studio/7.0/toolchain/arm/arm-gnu-toolchain/bin/../lib/gcc/arm-none-eabi/6.2.1/../../../../arm-none-eabi/lib/thumb/v6-m\libc_nano.a
END GROUP
START GROUP
LOAD c:/program files (x86)/atmel/studio/7.0/toolchain/arm/arm-gnu-toolchain/bin/../lib/gcc/arm-none-eabi/6.2.1/thumb/v6-m\libgcc.a
LOAD c:/program files (x86)/atmel/studio/7.0/toolchain/arm/arm-gnu-toolchain/bin/../lib/gcc/arm-none-eabi/6.2.1/../../../../arm-none-eabi/lib/thumb/v6-m\libc_nano.a
END GROUP
LOAD c:/program files (x86)/atmel/studio/7.0/toolchain/arm/arm-gnu-toolchain/bin/../lib/gcc/arm-none-eabi/6.2.1/thumb/v6-m/crtend.o
LOAD c:/program files (x86)/atmel/studio/7.0/toolchain/arm/arm-gnu-toolchain/bin/../lib/gcc/arm-none-eabi/6.2.1/thumb/v6-m/crtn.o
                0x00002000                STACK_SIZE = DEFINED (STACK_SIZE)?STACK_SIZE:DEFINED (__stack_size__)?__stack_size__:0x2000

.text           0x00000000     0x704c
                0x00000000                . = ALIGN (0x4)
                0x00000000                _sfixed = .
 *(.vectors .vectors.*)
 .vectors       0x00000000       0xb4 src/ASF/sam0/utils/cmsis/samd21/source/gcc/startup_samd21.o
                0x00000000                exception_table
 *(.text .text.* .gnu.linkonce.t.*)
 .text          0x000000b4       0x60 c:/program files (x86)/atmel/studio/7.0/toolchain/arm/arm-gnu-toolchain/bin/../lib/gcc/arm-none-eabi/6.2.1/thumb/v6-m/crtbegin.o
 .text.TurnLightOn
                0x00000114       0x18 src/application.o
 .text.TurnLightOff
                0x0000012c       0x18 src/application.o
 .text.TurnLightOn1
                0x00000144       0x18 src/application.o
 .text.TurnLightOff1
                0x0000015c       0x18 src/application.o
 .text.char2num
                0x00000174       0x3c src/application.o
                0x00000174                char2num
 .text.Get_time
                0x000001b0      0x174 src/application.o
                0x000001b0                Get_time
 .text.TC3_Handler
                0x00000324      0x124 src/application.o
                0x00000324                TC3_Handler
 .text.RTC_Handler
                0x00000448       0x58 src/application.o
                0x00000448                RTC_Handler
 .text.Schedule_config
                0x000004a0       0x50 src/application.o
                0x000004a0                Schedule_config
 .text.configApp
                0x000004f0      0x1c0 src/application.o
                0x000004f0                configApp
 .text.udi_cdc_comm_disable
                0x000006b0       0x10 src/ASF/common/services/usb/class/cdc/device/udi_cdc.o
                0x000006b0                udi_cdc_comm_disable
 .text.udi_cdc_data_setup
                0x000006c0        0x4 src/ASF/common/services/usb/class/cdc/device/udi_cdc.o
                0x000006c0                udi_cdc_data_setup
 .text.udi_cdc_getsetting
                0x000006c4        0x4 src/ASF/common/services/usb/class/cdc/device/udi_cdc.o
                0x000006c4                udi_cdc_getsetting
 .text.udi_cdc_line_coding_received
                0x000006c8        0x2 src/ASF/common/services/usb/class/cdc/device/udi_cdc.o
 *fill*         0x000006ca        0x2 
 .text.udi_cdc_comm_enable
                0x000006cc       0x5c src/ASF/common/services/usb/class/cdc/device/udi_cdc.o
                0x000006cc                udi_cdc_comm_enable
 .text.udi_cdc_tx_send
                0x00000728      0x158 src/ASF/common/services/usb/class/cdc/device/udi_cdc.o
 .text.udi_cdc_data_sent
                0x00000880       0x3c src/ASF/common/services/usb/class/cdc/device/udi_cdc.o
 .text.udi_cdc_data_sof_notify
                0x000008bc       0x10 src/ASF/common/services/usb/class/cdc/device/udi_cdc.o
                0x000008bc                udi_cdc_data_sof_notify
 .text.udi_cdc_data_disable
                0x000008cc       0x28 src/ASF/common/services/usb/class/cdc/device/udi_cdc.o
                0x000008cc                udi_cdc_data_disable
 .text.udi_cdc_comm_setup
                0x000008f4       0x94 src/ASF/common/services/usb/class/cdc/device/udi_cdc.o
                0x000008f4                udi_cdc_comm_setup
 .text.udi_cdc_multi_get_nb_received_data
                0x00000988       0x50 src/ASF/common/services/usb/class/cdc/device/udi_cdc.o
                0x00000988                udi_cdc_multi_get_nb_received_data
 .text.udi_cdc_multi_is_rx_ready
                0x000009d8       0x14 src/ASF/common/services/usb/class/cdc/device/udi_cdc.o
                0x000009d8                udi_cdc_multi_is_rx_ready
 .text.udi_cdc_rx_start
                0x000009ec       0xb8 src/ASF/common/services/usb/class/cdc/device/udi_cdc.o
 .text.udi_cdc_data_enable
                0x00000aa4       0x90 src/ASF/common/services/usb/class/cdc/device/udi_cdc.o
                0x00000aa4                udi_cdc_data_enable
 .text.udi_cdc_data_received
                0x00000b34       0x64 src/ASF/common/services/usb/class/cdc/device/udi_cdc.o
 .text.udi_cdc_is_rx_ready
                0x00000b98       0x10 src/ASF/common/services/usb/class/cdc/device/udi_cdc.o
                0x00000b98                udi_cdc_is_rx_ready
 .text.udi_cdc_multi_getc
                0x00000ba8       0xcc src/ASF/common/services/usb/class/cdc/device/udi_cdc.o
                0x00000ba8                udi_cdc_multi_getc
 .text.udi_cdc_getc
                0x00000c74       0x10 src/ASF/common/services/usb/class/cdc/device/udi_cdc.o
                0x00000c74                udi_cdc_getc
 .text.udi_cdc_multi_get_free_tx_buffer
                0x00000c84       0x7c src/ASF/common/services/usb/class/cdc/device/udi_cdc.o
                0x00000c84                udi_cdc_multi_get_free_tx_buffer
 .text.udi_cdc_multi_is_tx_ready
                0x00000d00       0x14 src/ASF/common/services/usb/class/cdc/device/udi_cdc.o
                0x00000d00                udi_cdc_multi_is_tx_ready
 .text.udi_cdc_multi_putc
                0x00000d14       0xb8 src/ASF/common/services/usb/class/cdc/device/udi_cdc.o
                0x00000d14                udi_cdc_multi_putc
 .text.udi_cdc_putc
                0x00000dcc       0x10 src/ASF/common/services/usb/class/cdc/device/udi_cdc.o
                0x00000dcc                udi_cdc_putc
 .text.keypadInit
                0x00000ddc       0x90 src/keypad.o
                0x00000ddc                keypadInit
 .text.keypadScan
                0x00000e6c       0xf0 src/keypad.o
                0x00000e6c                keypadScan
 .text.i2cLcdClear
                0x00000f5c       0x9c src/LCD.o
                0x00000f5c                i2cLcdClear
 .text.i2cLcdPrint
                0x00000ff8       0xc0 src/LCD.o
                0x00000ff8                i2cLcdPrint
 .text.i2cLcdTime
                0x000010b8       0x3c src/LCD.o
                0x000010b8                i2cLcdTime
 .text.i2cLcdTemp
                0x000010f4       0x38 src/LCD.o
                0x000010f4                i2cLcdTemp
 .text.i2cLcdRH
                0x0000112c       0x30 src/LCD.o
                0x0000112c                i2cLcdRH
 .text.i2cLcdprintNum
                0x0000115c       0x44 src/LCD.o
                0x0000115c                i2cLcdprintNum
 .text.RTC_init
                0x000011a0       0x60 src/RTC.o
                0x000011a0                RTC_init
 .text.rtc_calendar_time_to_register_value
                0x00001200       0x26 src/RTC.o
                0x00001200                rtc_calendar_time_to_register_value
 .text.rtc_calendar_register_value_to_time
                0x00001226       0x2a src/RTC.o
                0x00001226                rtc_calendar_register_value_to_time
 .text.rtc_calendar_get_time
                0x00001250       0x50 src/RTC.o
                0x00001250                rtc_calendar_get_time
 .text.rtc_calendar_set_time
                0x000012a0       0x20 src/RTC.o
                0x000012a0                rtc_calendar_set_time
 .text.rtc_calendar_set_alarm
                0x000012c0       0x2c src/RTC.o
                0x000012c0                rtc_calendar_set_alarm
 .text.test_components
                0x000012ec      0x1c4 src/testbench.o
                0x000012ec                test_components
 .text.pin_set_peripheral_function
                0x000014b0       0x4c src/usart.o
                0x000014b0                pin_set_peripheral_function
 .text.uart_init
                0x000014fc       0x64 src/usart.o
                0x000014fc                uart_init
 .text.uart_read
                0x00001560       0x20 src/usart.o
                0x00001560                uart_read
 .text.uart_sendBuffer
                0x00001580       0x70 src/usart.o
                0x00001580                uart_sendBuffer
 .text.ui_powerdown
                0x000015f0       0x10 src/ASF/common/services/usb/class/cdc/device/example/samd21j18a_samd21_xplained_pro/ui.o
                0x000015f0                ui_powerdown
 .text.ui_wakeup_enable
                0x00001600       0x10 src/ASF/common/services/usb/class/cdc/device/example/samd21j18a_samd21_xplained_pro/ui.o
                0x00001600                ui_wakeup_enable
 .text.ui_wakeup_disable
                0x00001610       0x10 src/ASF/common/services/usb/class/cdc/device/example/samd21j18a_samd21_xplained_pro/ui.o
                0x00001610                ui_wakeup_disable
 .text.ui_wakeup
                0x00001620       0x10 src/ASF/common/services/usb/class/cdc/device/example/samd21j18a_samd21_xplained_pro/ui.o
                0x00001620                ui_wakeup
 .text.ui_com_open
                0x00001630        0x2 src/ASF/common/services/usb/class/cdc/device/example/samd21j18a_samd21_xplained_pro/ui.o
                0x00001630                ui_com_open
 .text.ui_com_close
                0x00001632        0x2 src/ASF/common/services/usb/class/cdc/device/example/samd21j18a_samd21_xplained_pro/ui.o
                0x00001632                ui_com_close
 .text.ui_process
                0x00001634       0x34 src/ASF/common/services/usb/class/cdc/device/example/samd21j18a_samd21_xplained_pro/ui.o
                0x00001634                ui_process
 .text.udc_next_desc_in_iface
                0x00001668       0x4c src/ASF/common/services/usb/udc/udc.o
 .text.udc_valid_address
                0x000016b4       0x18 src/ASF/common/services/usb/udc/udc.o
 .text.udc_update_iface_desc
                0x000016cc       0x74 src/ASF/common/services/usb/udc/udc.o
 .text.udc_iface_disable
                0x00001740       0x6c src/ASF/common/services/usb/udc/udc.o
 .text.udc_iface_enable
                0x000017ac       0x58 src/ASF/common/services/usb/udc/udc.o
 .text.udc_start
                0x00001804        0xc src/ASF/common/services/usb/udc/udc.o
                0x00001804                udc_start
 .text.udc_reset
                0x00001810       0x4c src/ASF/common/services/usb/udc/udc.o
                0x00001810                udc_reset
 .text.udc_sof_notify
                0x0000185c       0x44 src/ASF/common/services/usb/udc/udc.o
                0x0000185c                udc_sof_notify
 .text.udc_process_setup
                0x000018a0      0x440 src/ASF/common/services/usb/udc/udc.o
                0x000018a0                udc_process_setup
 .text.cpu_irq_enter_critical
                0x00001ce0       0x40 src/ASF/common/utils/interrupt/interrupt_sam_nvic.o
                0x00001ce0                cpu_irq_enter_critical
 .text.cpu_irq_leave_critical
                0x00001d20       0x30 src/ASF/common/utils/interrupt/interrupt_sam_nvic.o
                0x00001d20                cpu_irq_leave_critical
 .text.system_board_init
                0x00001d50       0x38 src/ASF/sam0/boards/samd21_xplained_pro/board_init.o
                0x00001d50                board_init
                0x00001d50                system_board_init
 .text.extint_register_callback
                0x00001d88       0x2c src/ASF/sam0/drivers/extint/extint_callback.o
                0x00001d88                extint_register_callback
 .text.extint_chan_enable_callback
                0x00001db4       0x20 src/ASF/sam0/drivers/extint/extint_callback.o
                0x00001db4                extint_chan_enable_callback
 .text.extint_chan_disable_callback
                0x00001dd4       0x20 src/ASF/sam0/drivers/extint/extint_callback.o
                0x00001dd4                extint_chan_disable_callback
 .text.EIC_Handler
                0x00001df4       0x54 src/ASF/sam0/drivers/extint/extint_callback.o
                0x00001df4                EIC_Handler
 .text._extint_enable
                0x00001e48       0x18 src/ASF/sam0/drivers/extint/extint_sam_d_r/extint.o
 .text._system_extint_init
                0x00001e60       0x6c src/ASF/sam0/drivers/extint/extint_sam_d_r/extint.o
                0x00001e60                _system_extint_init
 .text.extint_chan_get_config_defaults
                0x00001ecc       0x14 src/ASF/sam0/drivers/extint/extint_sam_d_r/extint.o
                0x00001ecc                extint_chan_get_config_defaults
 .text.extint_chan_set_config
                0x00001ee0       0x78 src/ASF/sam0/drivers/extint/extint_sam_d_r/extint.o
                0x00001ee0                extint_chan_set_config
 .text.nvm_set_config
                0x00001f58       0x88 src/ASF/sam0/drivers/nvm/nvm.o
                0x00001f58                nvm_set_config
 .text.nvm_execute_command
                0x00001fe0       0xa0 src/ASF/sam0/drivers/nvm/nvm.o
                0x00001fe0                nvm_execute_command
 .text.nvm_write_buffer
                0x00002080       0xa8 src/ASF/sam0/drivers/nvm/nvm.o
                0x00002080                nvm_write_buffer
 .text.nvm_read_buffer
                0x00002128       0x6c src/ASF/sam0/drivers/nvm/nvm.o
                0x00002128                nvm_read_buffer
 .text.nvm_erase_row
                0x00002194       0x5c src/ASF/sam0/drivers/nvm/nvm.o
                0x00002194                nvm_erase_row
 .text.port_pin_set_config
                0x000021f0       0x24 src/ASF/sam0/drivers/port/port.o
                0x000021f0                port_pin_set_config
 .text.system_clock_source_osc8m_set_config
                0x00002214       0x3c src/ASF/sam0/drivers/system/clock/clock_samd21_r21_da/clock.o
                0x00002214                system_clock_source_osc8m_set_config
 .text.system_clock_source_osc32k_set_config
                0x00002250       0x7c src/ASF/sam0/drivers/system/clock/clock_samd21_r21_da/clock.o
                0x00002250                system_clock_source_osc32k_set_config
 .text.system_clock_source_xosc32k_set_config
                0x000022cc       0xb8 src/ASF/sam0/drivers/system/clock/clock_samd21_r21_da/clock.o
                0x000022cc                system_clock_source_xosc32k_set_config
 .text.system_clock_source_dfll_set_config
                0x00002384       0x80 src/ASF/sam0/drivers/system/clock/clock_samd21_r21_da/clock.o
                0x00002384                system_clock_source_dfll_set_config
 .text.system_clock_source_enable
                0x00002404       0xa8 src/ASF/sam0/drivers/system/clock/clock_samd21_r21_da/clock.o
                0x00002404                system_clock_source_enable
 .text.system_clock_init
                0x000024ac      0x1d4 src/ASF/sam0/drivers/system/clock/clock_samd21_r21_da/clock.o
                0x000024ac                system_clock_init
 .text.system_gclk_init
                0x00002680       0x24 src/ASF/sam0/drivers/system/clock/clock_samd21_r21_da/gclk.o
                0x00002680                system_gclk_init
 .text.system_gclk_gen_set_config
                0x000026a4       0xb8 src/ASF/sam0/drivers/system/clock/clock_samd21_r21_da/gclk.o
                0x000026a4                system_gclk_gen_set_config
 .text.system_gclk_gen_enable
                0x0000275c       0x44 src/ASF/sam0/drivers/system/clock/clock_samd21_r21_da/gclk.o
                0x0000275c                system_gclk_gen_enable
 .text.system_gclk_chan_enable
                0x000027a0       0x30 src/ASF/sam0/drivers/system/clock/clock_samd21_r21_da/gclk.o
                0x000027a0                system_gclk_chan_enable
 .text.system_gclk_chan_disable
                0x000027d0       0x5c src/ASF/sam0/drivers/system/clock/clock_samd21_r21_da/gclk.o
                0x000027d0                system_gclk_chan_disable
 .text.system_gclk_chan_set_config
                0x0000282c       0x1c src/ASF/sam0/drivers/system/clock/clock_samd21_r21_da/gclk.o
                0x0000282c                system_gclk_chan_set_config
 .text._system_pinmux_config
                0x00002848       0xa8 src/ASF/sam0/drivers/system/pinmux/pinmux.o
 .text.system_pinmux_pin_set_config
                0x000028f0       0x30 src/ASF/sam0/drivers/system/pinmux/pinmux.o
                0x000028f0                system_pinmux_pin_set_config
 .text._system_dummy_init
                0x00002920        0x2 src/ASF/sam0/drivers/system/system.o
                0x00002920                _system_events_init
                0x00002920                _system_dummy_init
                0x00002920                _system_divas_init
 *fill*         0x00002922        0x2 
 .text.system_init
                0x00002924       0x2c src/ASF/sam0/drivers/system/system.o
                0x00002924                system_init
 .text.udd_sleep_mode
                0x00002950       0xc0 src/ASF/sam0/drivers/usb/stack_interface/usb_device_udd.o
 .text.udd_ep_get_job
                0x00002a10       0x1c src/ASF/sam0/drivers/usb/stack_interface/usb_device_udd.o
 .text.udd_ep_transfer_process
                0x00002a2c      0x1b4 src/ASF/sam0/drivers/usb/stack_interface/usb_device_udd.o
 .text.udd_ctrl_stall_data
                0x00002be0       0x2c src/ASF/sam0/drivers/usb/stack_interface/usb_device_udd.o
 .text._usb_device_lpm_suspend
                0x00002c0c       0x5c src/ASF/sam0/drivers/usb/stack_interface/usb_device_udd.o
 .text._usb_on_wakeup
                0x00002c68       0x70 src/ASF/sam0/drivers/usb/stack_interface/usb_device_udd.o
 .text._usb_on_bus_reset
                0x00002cd8       0xb0 src/ASF/sam0/drivers/usb/stack_interface/usb_device_udd.o
 .text.udd_ctrl_send_zlp_in
                0x00002d88       0x3c src/ASF/sam0/drivers/usb/stack_interface/usb_device_udd.o
 .text._usb_ep0_on_tansfer_fail
                0x00002dc4       0x54 src/ASF/sam0/drivers/usb/stack_interface/usb_device_udd.o
 .text.udd_ctrl_in_sent
                0x00002e18       0xa8 src/ASF/sam0/drivers/usb/stack_interface/usb_device_udd.o
 .text._usb_ep0_on_setup
                0x00002ec0       0xe4 src/ASF/sam0/drivers/usb/stack_interface/usb_device_udd.o
 .text._usb_on_sof_notify
                0x00002fa4       0x14 src/ASF/sam0/drivers/usb/stack_interface/usb_device_udd.o
 .text._usb_on_suspend
                0x00002fb8       0x34 src/ASF/sam0/drivers/usb/stack_interface/usb_device_udd.o
 .text.udd_ep_abort
                0x00002fec       0x3c src/ASF/sam0/drivers/usb/stack_interface/usb_device_udd.o
                0x00002fec                udd_ep_abort
 .text.udd_is_high_speed
                0x00003028        0x4 src/ASF/sam0/drivers/usb/stack_interface/usb_device_udd.o
                0x00003028                udd_is_high_speed
 .text.udd_get_frame_number
                0x0000302c       0x10 src/ASF/sam0/drivers/usb/stack_interface/usb_device_udd.o
                0x0000302c                udd_get_frame_number
 .text.udd_get_micro_frame_number
                0x0000303c       0x10 src/ASF/sam0/drivers/usb/stack_interface/usb_device_udd.o
                0x0000303c                udd_get_micro_frame_number
 .text.udd_ep_free
                0x0000304c       0x58 src/ASF/sam0/drivers/usb/stack_interface/usb_device_udd.o
                0x0000304c                udd_ep_free
 .text.udd_ep_alloc
                0x000030a4      0x108 src/ASF/sam0/drivers/usb/stack_interface/usb_device_udd.o
                0x000030a4                udd_ep_alloc
 .text.udd_ep_is_halted
                0x000031ac       0x14 src/ASF/sam0/drivers/usb/stack_interface/usb_device_udd.o
                0x000031ac                udd_ep_is_halted
 .text.udd_ep_set_halt
                0x000031c0       0x30 src/ASF/sam0/drivers/usb/stack_interface/usb_device_udd.o
                0x000031c0                udd_ep_set_halt
 .text._usb_ep0_on_tansfer_ok
                0x000031f0      0x100 src/ASF/sam0/drivers/usb/stack_interface/usb_device_udd.o
 .text.udd_ep_clear_halt
                0x000032f0       0x44 src/ASF/sam0/drivers/usb/stack_interface/usb_device_udd.o
                0x000032f0                udd_ep_clear_halt
 .text.udd_ep_run
                0x00003334      0x1d8 src/ASF/sam0/drivers/usb/stack_interface/usb_device_udd.o
                0x00003334                udd_ep_run
 .text.udd_set_address
                0x0000350c       0x10 src/ASF/sam0/drivers/usb/stack_interface/usb_device_udd.o
                0x0000350c                udd_set_address
 .text.udd_getaddress
                0x0000351c       0x10 src/ASF/sam0/drivers/usb/stack_interface/usb_device_udd.o
                0x0000351c                udd_getaddress
 .text.udd_set_setup_payload
                0x0000352c        0xc src/ASF/sam0/drivers/usb/stack_interface/usb_device_udd.o
                0x0000352c                udd_set_setup_payload
 .text.udd_detach
                0x00003538       0x20 src/ASF/sam0/drivers/usb/stack_interface/usb_device_udd.o
                0x00003538                udd_detach
 .text.udd_attach
                0x00003558       0x84 src/ASF/sam0/drivers/usb/stack_interface/usb_device_udd.o
                0x00003558                udd_attach
 .text._uhd_vbus_handler
                0x000035dc       0x3c src/ASF/sam0/drivers/usb/stack_interface/usb_device_udd.o
 .text.udd_enable
                0x00003618       0xf8 src/ASF/sam0/drivers/usb/stack_interface/usb_device_udd.o
                0x00003618                udd_enable
 .text.usb_device_register_callback
                0x00003710       0x24 src/ASF/sam0/drivers/usb/usb_sam_d_r/usb.o
                0x00003710                usb_device_register_callback
 .text.usb_device_enable_callback
                0x00003734       0x20 src/ASF/sam0/drivers/usb/usb_sam_d_r/usb.o
                0x00003734                usb_device_enable_callback
 .text.usb_device_disable_callback
                0x00003754       0x1c src/ASF/sam0/drivers/usb/usb_sam_d_r/usb.o
                0x00003754                usb_device_disable_callback
 .text.usb_device_endpoint_register_callback
                0x00003770       0x28 src/ASF/sam0/drivers/usb/usb_sam_d_r/usb.o
                0x00003770                usb_device_endpoint_register_callback
 .text.usb_device_endpoint_unregister_callback
                0x00003798       0x28 src/ASF/sam0/drivers/usb/usb_sam_d_r/usb.o
                0x00003798                usb_device_endpoint_unregister_callback
 .text.usb_device_endpoint_enable_callback
                0x000037c0       0xd0 src/ASF/sam0/drivers/usb/usb_sam_d_r/usb.o
                0x000037c0                usb_device_endpoint_enable_callback
 .text.usb_device_endpoint_disable_callback
                0x00003890       0xd0 src/ASF/sam0/drivers/usb/usb_sam_d_r/usb.o
                0x00003890                usb_device_endpoint_disable_callback
 .text.usb_device_endpoint_get_config_defaults
                0x00003960        0xe src/ASF/sam0/drivers/usb/usb_sam_d_r/usb.o
                0x00003960                usb_device_endpoint_get_config_defaults
 *fill*         0x0000396e        0x2 
 .text.usb_device_endpoint_set_config
                0x00003970      0x244 src/ASF/sam0/drivers/usb/usb_sam_d_r/usb.o
                0x00003970                usb_device_endpoint_set_config
 .text.usb_device_endpoint_abort_job
                0x00003bb4       0x36 src/ASF/sam0/drivers/usb/usb_sam_d_r/usb.o
                0x00003bb4                usb_device_endpoint_abort_job
 .text.usb_device_endpoint_is_halted
                0x00003bea       0x2a src/ASF/sam0/drivers/usb/usb_sam_d_r/usb.o
                0x00003bea                usb_device_endpoint_is_halted
 .text.usb_device_endpoint_set_halt
                0x00003c14       0x26 src/ASF/sam0/drivers/usb/usb_sam_d_r/usb.o
                0x00003c14                usb_device_endpoint_set_halt
 .text.usb_device_endpoint_clear_halt
                0x00003c3a       0x84 src/ASF/sam0/drivers/usb/usb_sam_d_r/usb.o
                0x00003c3a                usb_device_endpoint_clear_halt
 *fill*         0x00003cbe        0x2 
 .text.usb_device_endpoint_write_buffer_job
                0x00003cc0       0x54 src/ASF/sam0/drivers/usb/usb_sam_d_r/usb.o
                0x00003cc0                usb_device_endpoint_write_buffer_job
 .text.usb_device_endpoint_read_buffer_job
                0x00003d14       0x50 src/ASF/sam0/drivers/usb/usb_sam_d_r/usb.o
                0x00003d14                usb_device_endpoint_read_buffer_job
 .text.usb_device_endpoint_setup_buffer_job
                0x00003d64       0x30 src/ASF/sam0/drivers/usb/usb_sam_d_r/usb.o
                0x00003d64                usb_device_endpoint_setup_buffer_job
 .text.usb_enable
                0x00003d94       0x14 src/ASF/sam0/drivers/usb/usb_sam_d_r/usb.o
                0x00003d94                usb_enable
 .text.USB_Handler
                0x00003da8      0x5c8 src/ASF/sam0/drivers/usb/usb_sam_d_r/usb.o
                0x00003da8                USB_Handler
 .text.usb_get_config_defaults
                0x00004370        0xe src/ASF/sam0/drivers/usb/usb_sam_d_r/usb.o
                0x00004370                usb_get_config_defaults
 *fill*         0x0000437e        0x2 
 .text.usb_init
                0x00004380      0x200 src/ASF/sam0/drivers/usb/usb_sam_d_r/usb.o
                0x00004380                usb_init
 .text.Dummy_Handler
                0x00004580        0x2 src/ASF/sam0/utils/cmsis/samd21/source/gcc/startup_samd21.o
                0x00004580                DMAC_Handler
                0x00004580                HardFault_Handler
                0x00004580                AC_Handler
                0x00004580                SysTick_Handler
                0x00004580                PendSV_Handler
                0x00004580                NMI_Handler
                0x00004580                TC7_Handler
                0x00004580                SERCOM1_Handler
                0x00004580                ADC_Handler
                0x00004580                TCC1_Handler
                0x00004580                SERCOM2_Handler
                0x00004580                TCC0_Handler
                0x00004580                TC6_Handler
                0x00004580                WDT_Handler
                0x00004580                TC4_Handler
                0x00004580                Dummy_Handler
                0x00004580                PM_Handler
                0x00004580                SERCOM5_Handler
                0x00004580                SVC_Handler
                0x00004580                TCC2_Handler
                0x00004580                EVSYS_Handler
                0x00004580                SERCOM3_Handler
                0x00004580                SERCOM4_Handler
                0x00004580                I2S_Handler
                0x00004580                NVMCTRL_Handler
                0x00004580                SERCOM0_Handler
                0x00004580                DAC_Handler
                0x00004580                PTC_Handler
                0x00004580                TC5_Handler
                0x00004580                SYSCTRL_Handler
 *fill*         0x00004582        0x2 
 .text.Reset_Handler
                0x00004584       0xe4 src/ASF/sam0/utils/cmsis/samd21/source/gcc/startup_samd21.o
                0x00004584                Reset_Handler
 .text._sbrk    0x00004668       0x24 src/ASF/sam0/utils/syscalls/gcc/syscalls.o
                0x00004668                _sbrk
 .text.configure_nvm
                0x0000468c       0x30 src/flash.o
                0x0000468c                configure_nvm
 .text.main     0x000046bc      0x144 src/main.o
                0x000046bc                main
 .text.main_suspend_action
                0x00004800        0xc src/main.o
                0x00004800                main_suspend_action
 .text.main_resume_action
                0x0000480c        0xc src/main.o
                0x0000480c                main_resume_action
 .text.main_sof_action
                0x00004818       0x2c src/main.o
                0x00004818                main_sof_action
 .text.main_suspend_lpm_action
                0x00004844        0xc src/main.o
                0x00004844                main_suspend_lpm_action
 .text.main_remotewakeup_lpm_disable
                0x00004850        0xc src/main.o
                0x00004850                main_remotewakeup_lpm_disable
 .text.main_remotewakeup_lpm_enable
                0x0000485c        0xc src/main.o
                0x0000485c                main_remotewakeup_lpm_enable
 .text.main_cdc_enable
                0x00004868       0x10 src/main.o
                0x00004868                main_cdc_enable
 .text.main_cdc_disable
                0x00004878        0xc src/main.o
                0x00004878                main_cdc_disable
 .text.main_cdc_set_dtr
                0x00004884       0x1c src/main.o
                0x00004884                main_cdc_set_dtr
 .text.OPT3001_read
                0x000048a0       0x94 src/OPT3001.o
                0x000048a0                OPT3001_read
 .text.OPT3001_write
                0x00004934       0x88 src/OPT3001.o
                0x00004934                OPT3001_write
 .text.OPT3001_init
                0x000049bc       0x1c src/OPT3001.o
                0x000049bc                OPT3001_init
 .text.Si7021_init
                0x000049d8        0x2 src/Si7021.o
                0x000049d8                Si7021_init
 *fill*         0x000049da        0x2 
 .text.Si7021_read
                0x000049dc       0x80 src/Si7021.o
                0x000049dc                Si7021_read
 .text.Si7021_command
                0x00004a5c       0x78 src/Si7021.o
                0x00004a5c                Si7021_command
 .text.Si7021_GetTemp
                0x00004ad4       0xa0 src/Si7021.o
                0x00004ad4                Si7021_GetTemp
 .text.Si7021_GetRH
                0x00004b74       0x70 src/Si7021.o
                0x00004b74                Si7021_GetRH
 .text          0x00004be4      0x114 c:/program files (x86)/atmel/studio/7.0/toolchain/arm/arm-gnu-toolchain/bin/../lib/gcc/arm-none-eabi/6.2.1/thumb/v6-m\libgcc.a(_udivsi3.o)
                0x00004be4                __aeabi_uidiv
                0x00004be4                __udivsi3
                0x00004cf0                __aeabi_uidivmod
 .text          0x00004cf8      0x1d4 c:/program files (x86)/atmel/studio/7.0/toolchain/arm/arm-gnu-toolchain/bin/../lib/gcc/arm-none-eabi/6.2.1/thumb/v6-m\libgcc.a(_divsi3.o)
                0x00004cf8                __divsi3
                0x00004cf8                __aeabi_idiv
                0x00004ec4                __aeabi_idivmod
 .text          0x00004ecc        0x4 c:/program files (x86)/atmel/studio/7.0/toolchain/arm/arm-gnu-toolchain/bin/../lib/gcc/arm-none-eabi/6.2.1/thumb/v6-m\libgcc.a(_dvmd_tls.o)
                0x00004ecc                __aeabi_idiv0
                0x00004ecc                __aeabi_ldiv0
 .text          0x00004ed0       0x3c c:/program files (x86)/atmel/studio/7.0/toolchain/arm/arm-gnu-toolchain/bin/../lib/gcc/arm-none-eabi/6.2.1/thumb/v6-m\libgcc.a(_clzsi2.o)
                0x00004ed0                __clzsi2
 .text          0x00004f0c       0x40 c:/program files (x86)/atmel/studio/7.0/toolchain/arm/arm-gnu-toolchain/bin/../lib/gcc/arm-none-eabi/6.2.1/thumb/v6-m\libgcc.a(_ctzsi2.o)
                0x00004f0c                __ctzsi2
 .text          0x00004f4c       0x3c c:/program files (x86)/atmel/studio/7.0/toolchain/arm/arm-gnu-toolchain/bin/../lib/gcc/arm-none-eabi/6.2.1/thumb/v6-m\libgcc.a(_fixunsdfsi.o)
                0x00004f4c                __aeabi_d2uiz
                0x00004f4c                __fixunsdfsi
 .text          0x00004f88      0x668 c:/program files (x86)/atmel/studio/7.0/toolchain/arm/arm-gnu-toolchain/bin/../lib/gcc/arm-none-eabi/6.2.1/thumb/v6-m\libgcc.a(divdf3.o)
                0x00004f88                __aeabi_ddiv
 .text          0x000055f0      0x500 c:/program files (x86)/atmel/studio/7.0/toolchain/arm/arm-gnu-toolchain/bin/../lib/gcc/arm-none-eabi/6.2.1/thumb/v6-m\libgcc.a(muldf3.o)
                0x000055f0                __aeabi_dmul
 .text          0x00005af0      0x62c c:/program files (x86)/atmel/studio/7.0/toolchain/arm/arm-gnu-toolchain/bin/../lib/gcc/arm-none-eabi/6.2.1/thumb/v6-m\libgcc.a(subdf3.o)
                0x00005af0                __aeabi_dsub
 .text          0x0000611c       0x68 c:/program files (x86)/atmel/studio/7.0/toolchain/arm/arm-gnu-toolchain/bin/../lib/gcc/arm-none-eabi/6.2.1/thumb/v6-m\libgcc.a(fixdfsi.o)
                0x0000611c                __aeabi_d2iz
 .text          0x00006184       0x84 c:/program files (x86)/atmel/studio/7.0/toolchain/arm/arm-gnu-toolchain/bin/../lib/gcc/arm-none-eabi/6.2.1/thumb/v6-m\libgcc.a(floatsidf.o)
                0x00006184                __aeabi_i2d
 .text          0x00006208       0x7c c:/program files (x86)/atmel/studio/7.0/toolchain/arm/arm-gnu-toolchain/bin/../lib/gcc/arm-none-eabi/6.2.1/thumb/v6-m\libgcc.a(_arm_cmpdf2.o)
                0x00006208                __aeabi_cdrcmple
                0x00006218                __aeabi_cdcmple
                0x00006218                __aeabi_cdcmpeq
                0x00006228                __aeabi_dcmpeq
                0x00006234                __aeabi_dcmplt
                0x00006248                __aeabi_dcmple
                0x0000625c                __aeabi_dcmpgt
                0x00006270                __aeabi_dcmpge
 .text          0x00006284       0x74 c:/program files (x86)/atmel/studio/7.0/toolchain/arm/arm-gnu-toolchain/bin/../lib/gcc/arm-none-eabi/6.2.1/thumb/v6-m\libgcc.a(eqdf2.o)
                0x00006284                __nedf2
                0x00006284                __eqdf2
 .text          0x000062f8       0xc8 c:/program files (x86)/atmel/studio/7.0/toolchain/arm/arm-gnu-toolchain/bin/../lib/gcc/arm-none-eabi/6.2.1/thumb/v6-m\libgcc.a(gedf2.o)
                0x000062f8                __gedf2
                0x000062f8                __gtdf2
 .text          0x000063c0       0xc4 c:/program files (x86)/atmel/studio/7.0/toolchain/arm/arm-gnu-toolchain/bin/../lib/gcc/arm-none-eabi/6.2.1/thumb/v6-m\libgcc.a(ledf2.o)
                0x000063c0                __ledf2
                0x000063c0                __ltdf2
 .text.__libc_init_array
                0x00006484       0x48 c:/program files (x86)/atmel/studio/7.0/toolchain/arm/arm-gnu-toolchain/bin/../lib/gcc/arm-none-eabi/6.2.1/../../../../arm-none-eabi/lib/thumb/v6-m\libc_nano.a(lib_a-init.o)
                0x00006484                __libc_init_array
 .text.memcpy   0x000064cc       0x12 c:/program files (x86)/atmel/studio/7.0/toolchain/arm/arm-gnu-toolchain/bin/../lib/gcc/arm-none-eabi/6.2.1/../../../../arm-none-eabi/lib/thumb/v6-m\libc_nano.a(lib_a-memcpy-stub.o)
                0x000064cc                memcpy
 .text.memset   0x000064de       0x10 c:/program files (x86)/atmel/studio/7.0/toolchain/arm/arm-gnu-toolchain/bin/../lib/gcc/arm-none-eabi/6.2.1/../../../../arm-none-eabi/lib/thumb/v6-m\libc_nano.a(lib_a-memset.o)
                0x000064de                memset
 *fill*         0x000064ee        0x2 
 .text.sprintf  0x000064f0       0x44 c:/program files (x86)/atmel/studio/7.0/toolchain/arm/arm-gnu-toolchain/bin/../lib/gcc/arm-none-eabi/6.2.1/../../../../arm-none-eabi/lib/thumb/v6-m\libc_nano.a(lib_a-sprintf.o)
                0x000064f0                siprintf
                0x000064f0                sprintf
 .text.__ssputs_r
                0x00006534       0xc4 c:/program files (x86)/atmel/studio/7.0/toolchain/arm/arm-gnu-toolchain/bin/../lib/gcc/arm-none-eabi/6.2.1/../../../../arm-none-eabi/lib/thumb/v6-m\libc_nano.a(lib_a-nano-svfprintf.o)
                0x00006534                __ssputs_r
 .text._svfprintf_r
                0x000065f8      0x208 c:/program files (x86)/atmel/studio/7.0/toolchain/arm/arm-gnu-toolchain/bin/../lib/gcc/arm-none-eabi/6.2.1/../../../../arm-none-eabi/lib/thumb/v6-m\libc_nano.a(lib_a-nano-svfprintf.o)
                0x000065f8                _svfiprintf_r
                0x000065f8                _svfprintf_r
 .text._printf_common
                0x00006800       0xda c:/program files (x86)/atmel/studio/7.0/toolchain/arm/arm-gnu-toolchain/bin/../lib/gcc/arm-none-eabi/6.2.1/../../../../arm-none-eabi/lib/thumb/v6-m\libc_nano.a(lib_a-nano-vfprintf_i.o)
                0x00006800                _printf_common
 *fill*         0x000068da        0x2 
 .text._printf_i
                0x000068dc      0x234 c:/program files (x86)/atmel/studio/7.0/toolchain/arm/arm-gnu-toolchain/bin/../lib/gcc/arm-none-eabi/6.2.1/../../../../arm-none-eabi/lib/thumb/v6-m\libc_nano.a(lib_a-nano-vfprintf_i.o)
                0x000068dc                _printf_i
 .text.memchr   0x00006b10       0x16 c:/program files (x86)/atmel/studio/7.0/toolchain/arm/arm-gnu-toolchain/bin/../lib/gcc/arm-none-eabi/6.2.1/../../../../arm-none-eabi/lib/thumb/v6-m\libc_nano.a(lib_a-memchr-stub.o)
                0x00006b10                memchr
 .text.memmove  0x00006b26       0x24 c:/program files (x86)/atmel/studio/7.0/toolchain/arm/arm-gnu-toolchain/bin/../lib/gcc/arm-none-eabi/6.2.1/../../../../arm-none-eabi/lib/thumb/v6-m\libc_nano.a(lib_a-memmove.o)
                0x00006b26                memmove
 *fill*         0x00006b4a        0x2 
 .text._free_r  0x00006b4c       0x94 c:/program files (x86)/atmel/studio/7.0/toolchain/arm/arm-gnu-toolchain/bin/../lib/gcc/arm-none-eabi/6.2.1/../../../../arm-none-eabi/lib/thumb/v6-m\libc_nano.a(lib_a-nano-freer.o)
                0x00006b4c                _free_r
 .text._malloc_r
                0x00006be0       0xbc c:/program files (x86)/atmel/studio/7.0/toolchain/arm/arm-gnu-toolchain/bin/../lib/gcc/arm-none-eabi/6.2.1/../../../../arm-none-eabi/lib/thumb/v6-m\libc_nano.a(lib_a-nano-mallocr.o)
                0x00006be0                _malloc_r
 .text._realloc_r
                0x00006c9c       0x4c c:/program files (x86)/atmel/studio/7.0/toolchain/arm/arm-gnu-toolchain/bin/../lib/gcc/arm-none-eabi/6.2.1/../../../../arm-none-eabi/lib/thumb/v6-m\libc_nano.a(lib_a-nano-reallocr.o)
                0x00006c9c                _realloc_r
 .text._sbrk_r  0x00006ce8       0x24 c:/program files (x86)/atmel/studio/7.0/toolchain/arm/arm-gnu-toolchain/bin/../lib/gcc/arm-none-eabi/6.2.1/../../../../arm-none-eabi/lib/thumb/v6-m\libc_nano.a(lib_a-sbrkr.o)
                0x00006ce8                _sbrk_r
 .text.__malloc_lock
                0x00006d0c        0x2 c:/program files (x86)/atmel/studio/7.0/toolchain/arm/arm-gnu-toolchain/bin/../lib/gcc/arm-none-eabi/6.2.1/../../../../arm-none-eabi/lib/thumb/v6-m\libc_nano.a(lib_a-mlock.o)
                0x00006d0c                __malloc_lock
 .text.__malloc_unlock
                0x00006d0e        0x2 c:/program files (x86)/atmel/studio/7.0/toolchain/arm/arm-gnu-toolchain/bin/../lib/gcc/arm-none-eabi/6.2.1/../../../../arm-none-eabi/lib/thumb/v6-m\libc_nano.a(lib_a-mlock.o)
                0x00006d0e                __malloc_unlock
 .text._malloc_usable_size_r
                0x00006d10       0x10 c:/program files (x86)/atmel/studio/7.0/toolchain/arm/arm-gnu-toolchain/bin/../lib/gcc/arm-none-eabi/6.2.1/../../../../arm-none-eabi/lib/thumb/v6-m\libc_nano.a(lib_a-nano-msizer.o)
                0x00006d10                _malloc_usable_size_r
 *(.glue_7t)
 .glue_7t       0x00006d20        0x0 linker stubs
 *(.glue_7)
 .glue_7        0x00006d20        0x0 linker stubs
 *(.rodata .rodata* .gnu.linkonce.r.*)
 .rodata.char2num
                0x00006d20       0x28 src/application.o
 .rodata.TC3_Handler.str1.4
                0x00006d48       0x2c src/application.o
 .rodata.test_components
                0x00006d74       0xa0 src/testbench.o
 .rodata.nvm_execute_command
                0x00006e14      0x118 src/ASF/sam0/drivers/nvm/nvm.o
 .rodata.system_clock_source_enable
                0x00006f2c       0x24 src/ASF/sam0/drivers/system/clock/clock_samd21_r21_da/clock.o
 .rodata.usb_device_endpoint_set_config
                0x00006f50       0x14 src/ASF/sam0/drivers/usb/usb_sam_d_r/usb.o
 .rodata._usb_device_irq_bits
                0x00006f64        0xe src/ASF/sam0/drivers/usb/usb_sam_d_r/usb.o
 *fill*         0x00006f72        0x2 
 .rodata._usb_endpoint_irq_bits
                0x00006f74        0x4 src/ASF/sam0/drivers/usb/usb_sam_d_r/usb.o
 .rodata        0x00006f78       0x40 c:/program files (x86)/atmel/studio/7.0/toolchain/arm/arm-gnu-toolchain/bin/../lib/gcc/arm-none-eabi/6.2.1/thumb/v6-m\libgcc.a(divdf3.o)
 .rodata        0x00006fb8       0x40 c:/program files (x86)/atmel/studio/7.0/toolchain/arm/arm-gnu-toolchain/bin/../lib/gcc/arm-none-eabi/6.2.1/thumb/v6-m\libgcc.a(muldf3.o)
 .rodata._svfprintf_r.str1.1
                0x00006ff8       0x11 c:/program files (x86)/atmel/studio/7.0/toolchain/arm/arm-gnu-toolchain/bin/../lib/gcc/arm-none-eabi/6.2.1/../../../../arm-none-eabi/lib/thumb/v6-m\libc_nano.a(lib_a-nano-svfprintf.o)
 .rodata._printf_i.str1.1
                0x00007009       0x22 c:/program files (x86)/atmel/studio/7.0/toolchain/arm/arm-gnu-toolchain/bin/../lib/gcc/arm-none-eabi/6.2.1/../../../../arm-none-eabi/lib/thumb/v6-m\libc_nano.a(lib_a-nano-vfprintf_i.o)
 *(.ARM.extab* .gnu.linkonce.armextab.*)
                0x0000702c                . = ALIGN (0x4)
 *fill*         0x0000702b        0x1 
 *(.init)
 .init          0x0000702c        0x4 c:/program files (x86)/atmel/studio/7.0/toolchain/arm/arm-gnu-toolchain/bin/../lib/gcc/arm-none-eabi/6.2.1/thumb/v6-m/crti.o
                0x0000702c                _init
 .init          0x00007030        0x8 c:/program files (x86)/atmel/studio/7.0/toolchain/arm/arm-gnu-toolchain/bin/../lib/gcc/arm-none-eabi/6.2.1/thumb/v6-m/crtn.o
                0x00007038                . = ALIGN (0x4)
                0x00007038                __preinit_array_start = .
 *(.preinit_array)
                0x00007038                __preinit_array_end = .
                0x00007038                . = ALIGN (0x4)
                0x00007038                __init_array_start = .
 *(SORT(.init_array.*))
 *(.init_array)
 .init_array    0x00007038        0x4 c:/program files (x86)/atmel/studio/7.0/toolchain/arm/arm-gnu-toolchain/bin/../lib/gcc/arm-none-eabi/6.2.1/thumb/v6-m/crtbegin.o
                0x0000703c                __init_array_end = .
                0x0000703c                . = ALIGN (0x4)
 *crtbegin.o(.ctors)
 *(EXCLUDE_FILE(*crtend.o) .ctors)
 *(SORT(.ctors.*))
 *crtend.o(.ctors)
                0x0000703c                . = ALIGN (0x4)
 *(.fini)
 .fini          0x0000703c        0x4 c:/program files (x86)/atmel/studio/7.0/toolchain/arm/arm-gnu-toolchain/bin/../lib/gcc/arm-none-eabi/6.2.1/thumb/v6-m/crti.o
                0x0000703c                _fini
 .fini          0x00007040        0x8 c:/program files (x86)/atmel/studio/7.0/toolchain/arm/arm-gnu-toolchain/bin/../lib/gcc/arm-none-eabi/6.2.1/thumb/v6-m/crtn.o
                0x00007048                . = ALIGN (0x4)
                0x00007048                __fini_array_start = .
 *(.fini_array)
 .fini_array    0x00007048        0x4 c:/program files (x86)/atmel/studio/7.0/toolchain/arm/arm-gnu-toolchain/bin/../lib/gcc/arm-none-eabi/6.2.1/thumb/v6-m/crtbegin.o
 *(SORT(.fini_array.*))
                0x0000704c                __fini_array_end = .
 *crtbegin.o(.dtors)
 *(EXCLUDE_FILE(*crtend.o) .dtors)
 *(SORT(.dtors.*))
 *crtend.o(.dtors)
                0x0000704c                . = ALIGN (0x4)
                0x0000704c                _efixed = .
                [!provide]                PROVIDE (__exidx_start, .)

.vfp11_veneer   0x0000704c        0x0
 .vfp11_veneer  0x0000704c        0x0 linker stubs

.v4_bx          0x0000704c        0x0
 .v4_bx         0x0000704c        0x0 linker stubs

.iplt           0x0000704c        0x0
 .iplt          0x0000704c        0x0 c:/program files (x86)/atmel/studio/7.0/toolchain/arm/arm-gnu-toolchain/bin/../lib/gcc/arm-none-eabi/6.2.1/thumb/v6-m/crtbegin.o

.eh_frame       0x0000704c        0x0
 .eh_frame      0x0000704c        0x0 c:/program files (x86)/atmel/studio/7.0/toolchain/arm/arm-gnu-toolchain/bin/../lib/gcc/arm-none-eabi/6.2.1/thumb/v6-m/crtbegin.o

.rel.dyn        0x0000704c        0x0
 .rel.iplt      0x0000704c        0x0 c:/program files (x86)/atmel/studio/7.0/toolchain/arm/arm-gnu-toolchain/bin/../lib/gcc/arm-none-eabi/6.2.1/thumb/v6-m/crtbegin.o

.jcr            0x0000704c        0x0
 .jcr           0x0000704c        0x0 c:/program files (x86)/atmel/studio/7.0/toolchain/arm/arm-gnu-toolchain/bin/../lib/gcc/arm-none-eabi/6.2.1/thumb/v6-m/crtbegin.o

.igot.plt       0x0000704c        0x0
 .igot.plt      0x0000704c        0x0 c:/program files (x86)/atmel/studio/7.0/toolchain/arm/arm-gnu-toolchain/bin/../lib/gcc/arm-none-eabi/6.2.1/thumb/v6-m/crtbegin.o

.ARM.exidx
 *(.ARM.exidx* .gnu.linkonce.armexidx.*)
                [!provide]                PROVIDE (__exidx_end, .)
                0x0000704c                . = ALIGN (0x4)
                0x0000704c                _etext = .

.relocate       0x20000000      0x174 load address 0x0000704c
                0x20000000                . = ALIGN (0x4)
                0x20000000                _srelocate = .
 *(.ramfunc .ramfunc.*)
 *(.data .data.*)
 .data.udi_api_cdc_comm
                0x20000000       0x14 src/ASF/common/services/usb/class/cdc/device/udi_cdc.o
                0x20000000                udi_api_cdc_comm
 .data.udi_api_cdc_data
                0x20000014       0x14 src/ASF/common/services/usb/class/cdc/device/udi_cdc.o
                0x20000014                udi_api_cdc_data
 .data.keyPadMatrix
                0x20000028       0x11 src/keypad.o
                0x20000028                keyPadMatrix
 *fill*         0x20000039        0x3 
 .data.string1  0x2000003c        0xd src/testbench.o
                0x2000003c                string1
 *fill*         0x20000049        0x3 
 .data.udc_config
                0x2000004c        0xc src/ASF/common/services/usb/class/cdc/device/udi_cdc_desc.o
                0x2000004c                udc_config
 .data.udc_config_fs
                0x20000058        0x8 src/ASF/common/services/usb/class/cdc/device/udi_cdc_desc.o
                0x20000058                udc_config_fs
 .data.udc_desc_fs
                0x20000060       0x43 src/ASF/common/services/usb/class/cdc/device/udi_cdc_desc.o
                0x20000060                udc_desc_fs
 *fill*         0x200000a3        0x1 
 .data.udc_device_desc
                0x200000a4       0x12 src/ASF/common/services/usb/class/cdc/device/udi_cdc_desc.o
                0x200000a4                udc_device_desc
 *fill*         0x200000b6        0x2 
 .data.udc_device_lpm
                0x200000b8        0xc src/ASF/common/services/usb/class/cdc/device/udi_cdc_desc.o
                0x200000b8                udc_device_lpm
 .data.udi_apis
                0x200000c4        0x8 src/ASF/common/services/usb/class/cdc/device/udi_cdc_desc.o
                0x200000c4                udi_apis
 .data.udc_string_desc
                0x200000cc       0x20 src/ASF/common/services/usb/udc/udc.o
 .data.udc_string_desc_languageid
                0x200000ec        0x4 src/ASF/common/services/usb/udc/udc.o
 .data.udc_string_manufacturer_name
                0x200000f0        0xa src/ASF/common/services/usb/udc/udc.o
 *fill*         0x200000fa        0x2 
 .data.udc_string_product_name
                0x200000fc       0x10 src/ASF/common/services/usb/udc/udc.o
 .data.g_interrupt_enabled
                0x2000010c        0x1 src/ASF/common/utils/interrupt/interrupt_sam_nvic.o
                0x2000010c                g_interrupt_enabled
 *fill*         0x2000010d        0x3 
 .data._impure_ptr
                0x20000110        0x4 c:/program files (x86)/atmel/studio/7.0/toolchain/arm/arm-gnu-toolchain/bin/../lib/gcc/arm-none-eabi/6.2.1/../../../../arm-none-eabi/lib/thumb/v6-m\libc_nano.a(lib_a-impure.o)
                0x20000110                _impure_ptr
 .data.impure_data
                0x20000114       0x60 c:/program files (x86)/atmel/studio/7.0/toolchain/arm/arm-gnu-toolchain/bin/../lib/gcc/arm-none-eabi/6.2.1/../../../../arm-none-eabi/lib/thumb/v6-m\libc_nano.a(lib_a-impure.o)
                0x20000174                . = ALIGN (0x4)
                0x20000174                _erelocate = .

.bss            0x20000174      0x7cc load address 0x000071c0
                0x20000174                . = ALIGN (0x4)
                0x20000174                _sbss = .
                0x20000174                _szero = .
 *(.bss .bss.*)
 .bss           0x20000174       0x1c c:/program files (x86)/atmel/studio/7.0/toolchain/arm/arm-gnu-toolchain/bin/../lib/gcc/arm-none-eabi/6.2.1/thumb/v6-m/crtbegin.o
 .bss.myTask1   0x20000190       0x10 src/application.o
 .bss.sof_zlp_counter.12397
                0x200001a0        0x2 src/ASF/common/services/usb/class/cdc/device/udi_cdc.o
 .bss.udi_cdc_data_running
                0x200001a2        0x1 src/ASF/common/services/usb/class/cdc/device/udi_cdc.o
 *fill*         0x200001a3        0x1 
 .bss.udi_cdc_line_coding
                0x200001a4        0x7 src/ASF/common/services/usb/class/cdc/device/udi_cdc.o
 .bss.udi_cdc_nb_comm_enabled
                0x200001ab        0x1 src/ASF/common/services/usb/class/cdc/device/udi_cdc.o
 .bss.udi_cdc_nb_data_enabled
                0x200001ac        0x1 src/ASF/common/services/usb/class/cdc/device/udi_cdc.o
 *fill*         0x200001ad        0x3 
 .bss.udi_cdc_rx_buf
                0x200001b0       0x80 src/ASF/common/services/usb/class/cdc/device/udi_cdc.o
 .bss.udi_cdc_rx_buf_nb
                0x20000230        0x4 src/ASF/common/services/usb/class/cdc/device/udi_cdc.o
 .bss.udi_cdc_rx_buf_sel
                0x20000234        0x1 src/ASF/common/services/usb/class/cdc/device/udi_cdc.o
 *fill*         0x20000235        0x3 
 .bss.udi_cdc_rx_pos
                0x20000238        0x2 src/ASF/common/services/usb/class/cdc/device/udi_cdc.o
 *fill*         0x2000023a        0x2 
 .bss.udi_cdc_rx_trans_ongoing
                0x2000023c        0x1 src/ASF/common/services/usb/class/cdc/device/udi_cdc.o
 *fill*         0x2000023d        0x3 
 .bss.udi_cdc_state
                0x20000240        0x2 src/ASF/common/services/usb/class/cdc/device/udi_cdc.o
 *fill*         0x20000242        0x2 
 .bss.udi_cdc_tx_both_buf_to_send
                0x20000244        0x1 src/ASF/common/services/usb/class/cdc/device/udi_cdc.o
 *fill*         0x20000245        0x3 
 .bss.udi_cdc_tx_buf
                0x20000248       0x80 src/ASF/common/services/usb/class/cdc/device/udi_cdc.o
 .bss.udi_cdc_tx_buf_nb
                0x200002c8        0x4 src/ASF/common/services/usb/class/cdc/device/udi_cdc.o
 .bss.udi_cdc_tx_buf_sel
                0x200002cc        0x1 src/ASF/common/services/usb/class/cdc/device/udi_cdc.o
 *fill*         0x200002cd        0x3 
 .bss.udi_cdc_tx_sof_num
                0x200002d0        0x2 src/ASF/common/services/usb/class/cdc/device/udi_cdc.o
 *fill*         0x200002d2        0x2 
 .bss.udi_cdc_tx_trans_ongoing
                0x200002d4        0x1 src/ASF/common/services/usb/class/cdc/device/udi_cdc.o
 *fill*         0x200002d5        0x3 
 .bss.uid_cdc_state_msg
                0x200002d8        0xa src/ASF/common/services/usb/class/cdc/device/udi_cdc.o
 *fill*         0x200002e2        0x2 
 .bss.LCD_write_buffer
                0x200002e4       0x28 src/LCD.o
 .bss.rx_data   0x2000030c        0x1 src/testbench.o
 *fill*         0x2000030d        0x3 
 .bss.count     0x20000310        0x4 src/WM8731.o
                0x20000310                count
 .bss.udc_device_status
                0x20000314        0x2 src/ASF/common/services/usb/udc/udc.o
 .bss.udc_ep_status.12044
                0x20000316        0x2 src/ASF/common/services/usb/udc/udc.o
 .bss.udc_iface_setting
                0x20000318        0x1 src/ASF/common/services/usb/udc/udc.o
 *fill*         0x20000319        0x3 
 .bss.udc_num_configuration
                0x2000031c        0x1 src/ASF/common/services/usb/udc/udc.o
 *fill*         0x2000031d        0x3 
 .bss.udc_ptr_conf
                0x20000320        0x4 src/ASF/common/services/usb/udc/udc.o
 .bss.udc_ptr_iface
                0x20000324        0x4 src/ASF/common/services/usb/udc/udc.o
 .bss.cpu_irq_critical_section_counter
                0x20000328        0x4 src/ASF/common/utils/interrupt/interrupt_sam_nvic.o
 .bss.cpu_irq_prev_interrupt_state
                0x2000032c        0x1 src/ASF/common/utils/interrupt/interrupt_sam_nvic.o
 *fill*         0x2000032d        0x3 
 .bss._nvm_dev  0x20000330        0x6 src/ASF/sam0/drivers/nvm/nvm.o
 *fill*         0x20000336        0x2 
 .bss._system_clock_inst
                0x20000338       0x18 src/ASF/sam0/drivers/system/clock/clock_samd21_r21_da/clock.o
 .bss.b_shortpacket.13323
                0x20000350        0x1 src/ASF/sam0/drivers/usb/stack_interface/usb_device_udd.o
 *fill*         0x20000351        0x1 
 .bss.udd_ctrl_payload_nb_trans
                0x20000352        0x2 src/ASF/sam0/drivers/usb/stack_interface/usb_device_udd.o
 .bss.udd_ctrl_prev_payload_nb_trans
                0x20000354        0x2 src/ASF/sam0/drivers/usb/stack_interface/usb_device_udd.o
 .bss.udd_ep_control_state
                0x20000356        0x1 src/ASF/sam0/drivers/usb/stack_interface/usb_device_udd.o
 *fill*         0x20000357        0x1 
 .bss.udd_ep_job
                0x20000358       0x78 src/ASF/sam0/drivers/usb/stack_interface/usb_device_udd.o
 .bss.udd_state.13180
                0x200003d0        0x1 src/ASF/sam0/drivers/usb/stack_interface/usb_device_udd.o
 *fill*         0x200003d1        0x3 
 .bss._usb_instances
                0x200003d4        0x4 src/ASF/sam0/drivers/usb/usb_sam_d_r/usb.o
 .bss.device_callback_lpm_wakeup_enable
                0x200003d8        0x4 src/ASF/sam0/drivers/usb/usb_sam_d_r/usb.o
 .bss.ep_callback_para
                0x200003dc        0x8 src/ASF/sam0/drivers/usb/usb_sam_d_r/usb.o
 .bss.host_pipe_job_busy_status
                0x200003e4        0x4 src/ASF/sam0/drivers/usb/usb_sam_d_r/usb.o
                0x200003e4                host_pipe_job_busy_status
 .bss.pipe_callback_para
                0x200003e8        0x6 src/ASF/sam0/drivers/usb/usb_sam_d_r/usb.o
 *fill*         0x200003ee        0x2 
 .bss.heap.5276
                0x200003f0        0x4 src/ASF/sam0/utils/syscalls/gcc/syscalls.o
 .bss.main_b_cdc_enable
                0x200003f4        0x1 src/main.o
 *fill*         0x200003f5        0x3 
 .bss.OPT3001_read_buffer
                0x200003f8        0x3 src/OPT3001.o
 *fill*         0x200003fb        0x1 
 .bss.OPT3001_write_buffer
                0x200003fc        0x3 src/OPT3001.o
 *fill*         0x200003ff        0x1 
 .bss.Si7021_read_buffer
                0x20000400        0x2 src/Si7021.o
 *fill*         0x20000402        0x2 
 .bss.Si7021_write_buffer
                0x20000404        0x2 src/Si7021.o
 *fill*         0x20000406        0x2 
 .bss.__malloc_free_list
                0x20000408        0x4 c:/program files (x86)/atmel/studio/7.0/toolchain/arm/arm-gnu-toolchain/bin/../lib/gcc/arm-none-eabi/6.2.1/../../../../arm-none-eabi/lib/thumb/v6-m\libc_nano.a(lib_a-nano-mallocr.o)
                0x20000408                __malloc_free_list
 .bss.__malloc_sbrk_start
                0x2000040c        0x4 c:/program files (x86)/atmel/studio/7.0/toolchain/arm/arm-gnu-toolchain/bin/../lib/gcc/arm-none-eabi/6.2.1/../../../../arm-none-eabi/lib/thumb/v6-m\libc_nano.a(lib_a-nano-mallocr.o)
                0x2000040c                __malloc_sbrk_start
 *(COMMON)
 COMMON         0x20000410       0x49 src/application.o
                0x20000410                myTime
                0x2000041c                uart_data_rx
                0x2000041d                currentTask
                0x2000041e                minute
                0x20000420                mySchedule
                0x20000450                temp1
                0x20000454                hour
                0x20000455                key
                0x20000458                str
 *fill*         0x20000459        0x3 
 COMMON         0x2000045c       0xa0 src/LCD.o
                0x2000045c                str4
                0x20000484                str3
                0x200004ac                str1
                0x200004d4                str2
 COMMON         0x200004fc       0x71 src/testbench.o
                0x200004fc                n
                0x20000500                OPT3001_data
                0x20000504                Codec_data
                0x20000508                Si7021_data
                0x2000050c                contrast
                0x2000050d                mysecond
                0x20000510                page_buffer
                0x20000550                uart_data_rx1
                0x20000554                MMA8491Q_data
                0x20000558                mytime
                0x20000564                error_code
                0x20000568                RH1
                0x2000056c                bright
 *fill*         0x2000056d        0x3 
 COMMON         0x20000570        0x5 src/ASF/common/services/sleepmgr/samd/sleepmgr.o
                0x20000570                sleepmgr_locks
 COMMON         0x20000575        0x1 src/ASF/sam0/drivers/extint/extint_callback.o
                0x20000575                _current_channel
 *fill*         0x20000576        0x2 
 COMMON         0x20000578       0x40 src/ASF/sam0/drivers/extint/extint_sam_d_r/extint.o
                0x20000578                _extint_dev
 COMMON         0x200005b8      0x280 src/ASF/sam0/drivers/usb/stack_interface/usb_device_udd.o
                0x200005b8                udd_ep_out_cache_buffer
                0x20000678                usb_device
                0x200007e0                udd_g_ctrlreq
                0x200007f8                udd_ctrl_buffer
 COMMON         0x20000838      0x100 src/ASF/sam0/drivers/usb/usb_sam_d_r/usb.o
                0x20000838                usb_descriptor_table
 COMMON         0x20000938        0x4 src/Si7021.o
                0x20000938                RH_data
                0x2000093a                temp_data
 COMMON         0x2000093c        0x4 c:/program files (x86)/atmel/studio/7.0/toolchain/arm/arm-gnu-toolchain/bin/../lib/gcc/arm-none-eabi/6.2.1/../../../../arm-none-eabi/lib/thumb/v6-m\libc_nano.a(lib_a-reent.o)
                0x2000093c                errno
                0x20000940                . = ALIGN (0x4)
                0x20000940                _ebss = .
                0x20000940                _ezero = .

.stack          0x20000940     0x2000 load address 0x0000798c
                0x20000940                . = ALIGN (0x8)
                0x20000940                _sstack = .
                0x20002940                . = (. + STACK_SIZE)
 *fill*         0x20000940     0x2000 
                0x20002940                . = ALIGN (0x8)
                0x20002940                _estack = .
                0x20002940                . = ALIGN (0x4)
                0x20002940                _end = .
OUTPUT(DEVICE_EXAMPLE3.elf elf32-littlearm)

.ARM.attributes
                0x00000000       0x28
 .ARM.attributes
                0x00000000       0x1e c:/program files (x86)/atmel/studio/7.0/toolchain/arm/arm-gnu-toolchain/bin/../lib/gcc/arm-none-eabi/6.2.1/thumb/v6-m/crti.o
 .ARM.attributes
                0x0000001e       0x2c c:/program files (x86)/atmel/studio/7.0/toolchain/arm/arm-gnu-toolchain/bin/../lib/gcc/arm-none-eabi/6.2.1/thumb/v6-m/crtbegin.o
 .ARM.attributes
                0x0000004a       0x32 src/application.o
 .ARM.attributes
                0x0000007c       0x32 src/ASF/common/services/usb/class/cdc/device/udi_cdc.o
 .ARM.attributes
                0x000000ae       0x32 src/keypad.o
 .ARM.attributes
                0x000000e0       0x32 src/LCD.o
 .ARM.attributes
                0x00000112       0x32 src/RTC.o
 .ARM.attributes
                0x00000144       0x32 src/testbench.o
 .ARM.attributes
                0x00000176       0x32 src/usart.o
 .ARM.attributes
                0x000001a8       0x32 src/WM8731.o
 .ARM.attributes
                0x000001da       0x32 src/ASF/common/services/usb/class/cdc/device/example/samd21j18a_samd21_xplained_pro/ui.o
 .ARM.attributes
                0x0000020c       0x32 src/ASF/common/services/sleepmgr/samd/sleepmgr.o
 .ARM.attributes
                0x0000023e       0x32 src/ASF/common/services/usb/class/cdc/device/udi_cdc_desc.o
 .ARM.attributes
                0x00000270       0x32 src/ASF/common/services/usb/udc/udc.o
 .ARM.attributes
                0x000002a2       0x32 src/ASF/common/utils/interrupt/interrupt_sam_nvic.o
 .ARM.attributes
                0x000002d4       0x32 src/ASF/sam0/boards/samd21_xplained_pro/board_init.o
 .ARM.attributes
                0x00000306       0x32 src/ASF/sam0/drivers/extint/extint_callback.o
 .ARM.attributes
                0x00000338       0x32 src/ASF/sam0/drivers/extint/extint_sam_d_r/extint.o
 .ARM.attributes
                0x0000036a       0x32 src/ASF/sam0/drivers/nvm/nvm.o
 .ARM.attributes
                0x0000039c       0x32 src/ASF/sam0/drivers/port/port.o
 .ARM.attributes
                0x000003ce       0x32 src/ASF/sam0/drivers/system/clock/clock_samd21_r21_da/clock.o
 .ARM.attributes
                0x00000400       0x32 src/ASF/sam0/drivers/system/clock/clock_samd21_r21_da/gclk.o
 .ARM.attributes
                0x00000432       0x32 src/ASF/sam0/drivers/system/pinmux/pinmux.o
 .ARM.attributes
                0x00000464       0x32 src/ASF/sam0/drivers/system/system.o
 .ARM.attributes
                0x00000496       0x32 src/ASF/sam0/drivers/usb/stack_interface/usb_device_udd.o
 .ARM.attributes
                0x000004c8       0x32 src/ASF/sam0/drivers/usb/usb_sam_d_r/usb.o
 .ARM.attributes
                0x000004fa       0x32 src/ASF/sam0/utils/cmsis/samd21/source/gcc/startup_samd21.o
 .ARM.attributes
                0x0000052c       0x32 src/ASF/sam0/utils/syscalls/gcc/syscalls.o
 .ARM.attributes
                0x0000055e       0x32 src/flash.o
 .ARM.attributes
                0x00000590       0x32 src/main.o
 .ARM.attributes
                0x000005c2       0x32 src/OPT3001.o
 .ARM.attributes
                0x000005f4       0x32 src/Si7021.o
 .ARM.attributes
                0x00000626       0x1e c:/program files (x86)/atmel/studio/7.0/toolchain/arm/arm-gnu-toolchain/bin/../lib/gcc/arm-none-eabi/6.2.1/thumb/v6-m\libgcc.a(_udivsi3.o)
 .ARM.attributes
                0x00000644       0x1e c:/program files (x86)/atmel/studio/7.0/toolchain/arm/arm-gnu-toolchain/bin/../lib/gcc/arm-none-eabi/6.2.1/thumb/v6-m\libgcc.a(_divsi3.o)
 .ARM.attributes
                0x00000662       0x1e c:/program files (x86)/atmel/studio/7.0/toolchain/arm/arm-gnu-toolchain/bin/../lib/gcc/arm-none-eabi/6.2.1/thumb/v6-m\libgcc.a(_dvmd_tls.o)
 .ARM.attributes
                0x00000680       0x1e c:/program files (x86)/atmel/studio/7.0/toolchain/arm/arm-gnu-toolchain/bin/../lib/gcc/arm-none-eabi/6.2.1/thumb/v6-m\libgcc.a(_clzsi2.o)
 .ARM.attributes
                0x0000069e       0x1e c:/program files (x86)/atmel/studio/7.0/toolchain/arm/arm-gnu-toolchain/bin/../lib/gcc/arm-none-eabi/6.2.1/thumb/v6-m\libgcc.a(_ctzsi2.o)
 .ARM.attributes
                0x000006bc       0x2c c:/program files (x86)/atmel/studio/7.0/toolchain/arm/arm-gnu-toolchain/bin/../lib/gcc/arm-none-eabi/6.2.1/thumb/v6-m\libgcc.a(_fixunsdfsi.o)
 .ARM.attributes
                0x000006e8       0x2c c:/program files (x86)/atmel/studio/7.0/toolchain/arm/arm-gnu-toolchain/bin/../lib/gcc/arm-none-eabi/6.2.1/thumb/v6-m\libgcc.a(divdf3.o)
 .ARM.attributes
                0x00000714       0x2c c:/program files (x86)/atmel/studio/7.0/toolchain/arm/arm-gnu-toolchain/bin/../lib/gcc/arm-none-eabi/6.2.1/thumb/v6-m\libgcc.a(muldf3.o)
 .ARM.attributes
                0x00000740       0x2c c:/program files (x86)/atmel/studio/7.0/toolchain/arm/arm-gnu-toolchain/bin/../lib/gcc/arm-none-eabi/6.2.1/thumb/v6-m\libgcc.a(subdf3.o)
 .ARM.attributes
                0x0000076c       0x2c c:/program files (x86)/atmel/studio/7.0/toolchain/arm/arm-gnu-toolchain/bin/../lib/gcc/arm-none-eabi/6.2.1/thumb/v6-m\libgcc.a(fixdfsi.o)
 .ARM.attributes
                0x00000798       0x2c c:/program files (x86)/atmel/studio/7.0/toolchain/arm/arm-gnu-toolchain/bin/../lib/gcc/arm-none-eabi/6.2.1/thumb/v6-m\libgcc.a(floatsidf.o)
 .ARM.attributes
                0x000007c4       0x1e c:/program files (x86)/atmel/studio/7.0/toolchain/arm/arm-gnu-toolchain/bin/../lib/gcc/arm-none-eabi/6.2.1/thumb/v6-m\libgcc.a(_arm_cmpdf2.o)
 .ARM.attributes
                0x000007e2       0x2c c:/program files (x86)/atmel/studio/7.0/toolchain/arm/arm-gnu-toolchain/bin/../lib/gcc/arm-none-eabi/6.2.1/thumb/v6-m\libgcc.a(eqdf2.o)
 .ARM.attributes
                0x0000080e       0x2c c:/program files (x86)/atmel/studio/7.0/toolchain/arm/arm-gnu-toolchain/bin/../lib/gcc/arm-none-eabi/6.2.1/thumb/v6-m\libgcc.a(gedf2.o)
 .ARM.attributes
                0x0000083a       0x2c c:/program files (x86)/atmel/studio/7.0/toolchain/arm/arm-gnu-toolchain/bin/../lib/gcc/arm-none-eabi/6.2.1/thumb/v6-m\libgcc.a(ledf2.o)
 .ARM.attributes
                0x00000866       0x2c c:/program files (x86)/atmel/studio/7.0/toolchain/arm/arm-gnu-toolchain/bin/../lib/gcc/arm-none-eabi/6.2.1/../../../../arm-none-eabi/lib/thumb/v6-m\libc_nano.a(lib_a-impure.o)
 .ARM.attributes
                0x00000892       0x2c c:/program files (x86)/atmel/studio/7.0/toolchain/arm/arm-gnu-toolchain/bin/../lib/gcc/arm-none-eabi/6.2.1/../../../../arm-none-eabi/lib/thumb/v6-m\libc_nano.a(lib_a-init.o)
 .ARM.attributes
                0x000008be       0x2c c:/program files (x86)/atmel/studio/7.0/toolchain/arm/arm-gnu-toolchain/bin/../lib/gcc/arm-none-eabi/6.2.1/../../../../arm-none-eabi/lib/thumb/v6-m\libc_nano.a(lib_a-memcpy-stub.o)
 .ARM.attributes
                0x000008ea       0x2c c:/program files (x86)/atmel/studio/7.0/toolchain/arm/arm-gnu-toolchain/bin/../lib/gcc/arm-none-eabi/6.2.1/../../../../arm-none-eabi/lib/thumb/v6-m\libc_nano.a(lib_a-memset.o)
 .ARM.attributes
                0x00000916       0x2c c:/program files (x86)/atmel/studio/7.0/toolchain/arm/arm-gnu-toolchain/bin/../lib/gcc/arm-none-eabi/6.2.1/../../../../arm-none-eabi/lib/thumb/v6-m\libc_nano.a(lib_a-sprintf.o)
 .ARM.attributes
                0x00000942       0x2c c:/program files (x86)/atmel/studio/7.0/toolchain/arm/arm-gnu-toolchain/bin/../lib/gcc/arm-none-eabi/6.2.1/../../../../arm-none-eabi/lib/thumb/v6-m\libc_nano.a(lib_a-nano-svfprintf.o)
 .ARM.attributes
                0x0000096e       0x2c c:/program files (x86)/atmel/studio/7.0/toolchain/arm/arm-gnu-toolchain/bin/../lib/gcc/arm-none-eabi/6.2.1/../../../../arm-none-eabi/lib/thumb/v6-m\libc_nano.a(lib_a-nano-vfprintf_i.o)
 .ARM.attributes
                0x0000099a       0x2c c:/program files (x86)/atmel/studio/7.0/toolchain/arm/arm-gnu-toolchain/bin/../lib/gcc/arm-none-eabi/6.2.1/../../../../arm-none-eabi/lib/thumb/v6-m\libc_nano.a(lib_a-memchr-stub.o)
 .ARM.attributes
                0x000009c6       0x2c c:/program files (x86)/atmel/studio/7.0/toolchain/arm/arm-gnu-toolchain/bin/../lib/gcc/arm-none-eabi/6.2.1/../../../../arm-none-eabi/lib/thumb/v6-m\libc_nano.a(lib_a-memmove.o)
 .ARM.attributes
                0x000009f2       0x2c c:/program files (x86)/atmel/studio/7.0/toolchain/arm/arm-gnu-toolchain/bin/../lib/gcc/arm-none-eabi/6.2.1/../../../../arm-none-eabi/lib/thumb/v6-m\libc_nano.a(lib_a-nano-freer.o)
 .ARM.attributes
                0x00000a1e       0x2c c:/program files (x86)/atmel/studio/7.0/toolchain/arm/arm-gnu-toolchain/bin/../lib/gcc/arm-none-eabi/6.2.1/../../../../arm-none-eabi/lib/thumb/v6-m\libc_nano.a(lib_a-nano-mallocr.o)
 .ARM.attributes
                0x00000a4a       0x2c c:/program files (x86)/atmel/studio/7.0/toolchain/arm/arm-gnu-toolchain/bin/../lib/gcc/arm-none-eabi/6.2.1/../../../../arm-none-eabi/lib/thumb/v6-m\libc_nano.a(lib_a-nano-reallocr.o)
 .ARM.attributes
                0x00000a76       0x2c c:/program files (x86)/atmel/studio/7.0/toolchain/arm/arm-gnu-toolchain/bin/../lib/gcc/arm-none-eabi/6.2.1/../../../../arm-none-eabi/lib/thumb/v6-m\libc_nano.a(lib_a-sbrkr.o)
 .ARM.attributes
                0x00000aa2       0x2c c:/program files (x86)/atmel/studio/7.0/toolchain/arm/arm-gnu-toolchain/bin/../lib/gcc/arm-none-eabi/6.2.1/../../../../arm-none-eabi/lib/thumb/v6-m\libc_nano.a(lib_a-mlock.o)
 .ARM.attributes
                0x00000ace       0x2c c:/program files (x86)/atmel/studio/7.0/toolchain/arm/arm-gnu-toolchain/bin/../lib/gcc/arm-none-eabi/6.2.1/../../../../arm-none-eabi/lib/thumb/v6-m\libc_nano.a(lib_a-nano-msizer.o)
 .ARM.attributes
                0x00000afa       0x2c c:/program files (x86)/atmel/studio/7.0/toolchain/arm/arm-gnu-toolchain/bin/../lib/gcc/arm-none-eabi/6.2.1/../../../../arm-none-eabi/lib/thumb/v6-m\libc_nano.a(lib_a-reent.o)
 .ARM.attributes
                0x00000b26       0x1e c:/program files (x86)/atmel/studio/7.0/toolchain/arm/arm-gnu-toolchain/bin/../lib/gcc/arm-none-eabi/6.2.1/thumb/v6-m/crtn.o

.comment        0x00000000       0x59
 .comment       0x00000000       0x59 src/application.o
                                 0x5a (size before relaxing)
 .comment       0x00000059       0x5a src/ASF/common/services/usb/class/cdc/device/udi_cdc.o
 .comment       0x00000059       0x5a src/keypad.o
 .comment       0x00000059       0x5a src/LCD.o
 .comment       0x00000059       0x5a src/RTC.o
 .comment       0x00000059       0x5a src/testbench.o
 .comment       0x00000059       0x5a src/usart.o
 .comment       0x00000059       0x5a src/WM8731.o
 .comment       0x00000059       0x5a src/ASF/common/services/usb/class/cdc/device/example/samd21j18a_samd21_xplained_pro/ui.o
 .comment       0x00000059       0x5a src/ASF/common/services/sleepmgr/samd/sleepmgr.o
 .comment       0x00000059       0x5a src/ASF/common/services/usb/class/cdc/device/udi_cdc_desc.o
 .comment       0x00000059       0x5a src/ASF/common/services/usb/udc/udc.o
 .comment       0x00000059       0x5a src/ASF/common/utils/interrupt/interrupt_sam_nvic.o
 .comment       0x00000059       0x5a src/ASF/sam0/boards/samd21_xplained_pro/board_init.o
 .comment       0x00000059       0x5a src/ASF/sam0/drivers/extint/extint_callback.o
 .comment       0x00000059       0x5a src/ASF/sam0/drivers/extint/extint_sam_d_r/extint.o
 .comment       0x00000059       0x5a src/ASF/sam0/drivers/nvm/nvm.o
 .comment       0x00000059       0x5a src/ASF/sam0/drivers/port/port.o
 .comment       0x00000059       0x5a src/ASF/sam0/drivers/system/clock/clock_samd21_r21_da/clock.o
 .comment       0x00000059       0x5a src/ASF/sam0/drivers/system/clock/clock_samd21_r21_da/gclk.o
 .comment       0x00000059       0x5a src/ASF/sam0/drivers/system/pinmux/pinmux.o
 .comment       0x00000059       0x5a src/ASF/sam0/drivers/system/system.o
 .comment       0x00000059       0x5a src/ASF/sam0/drivers/usb/stack_interface/usb_device_udd.o
 .comment       0x00000059       0x5a src/ASF/sam0/drivers/usb/usb_sam_d_r/usb.o
 .comment       0x00000059       0x5a src/ASF/sam0/utils/cmsis/samd21/source/gcc/startup_samd21.o
 .comment       0x00000059       0x5a src/ASF/sam0/utils/syscalls/gcc/syscalls.o
 .comment       0x00000059       0x5a src/flash.o
 .comment       0x00000059       0x5a src/main.o
 .comment       0x00000059       0x5a src/OPT3001.o
 .comment       0x00000059       0x5a src/Si7021.o

.debug_info     0x00000000    0x4d09e
 .debug_info    0x00000000     0x4ffe src/application.o
 .debug_info    0x00004ffe     0x294d src/ASF/common/services/usb/class/cdc/device/udi_cdc.o
 .debug_info    0x0000794b     0x16f0 src/keypad.o
 .debug_info    0x0000903b     0x447c src/LCD.o
 .debug_info    0x0000d4b7     0x33b1 src/RTC.o
 .debug_info    0x00010868     0x165a src/testbench.o
 .debug_info    0x00011ec2     0x3f3c src/usart.o
 .debug_info    0x00015dfe     0x32c8 src/WM8731.o
 .debug_info    0x000190c6     0x1a15 src/ASF/common/services/usb/class/cdc/device/example/samd21j18a_samd21_xplained_pro/ui.o
 .debug_info    0x0001aadb      0xa82 src/ASF/common/services/sleepmgr/samd/sleepmgr.o
 .debug_info    0x0001b55d     0x1316 src/ASF/common/services/usb/class/cdc/device/udi_cdc_desc.o
 .debug_info    0x0001c873     0x1a69 src/ASF/common/services/usb/udc/udc.o
 .debug_info    0x0001e2dc      0xafb src/ASF/common/utils/interrupt/interrupt_sam_nvic.o
 .debug_info    0x0001edd7     0x12a1 src/ASF/sam0/boards/samd21_xplained_pro/board_init.o
 .debug_info    0x00020078     0x199b src/ASF/sam0/drivers/extint/extint_callback.o
 .debug_info    0x00021a13     0x2b1a src/ASF/sam0/drivers/extint/extint_sam_d_r/extint.o
 .debug_info    0x0002452d     0x262e src/ASF/sam0/drivers/nvm/nvm.o
 .debug_info    0x00026b5b     0x12aa src/ASF/sam0/drivers/port/port.o
 .debug_info    0x00027e05     0x3a8c src/ASF/sam0/drivers/system/clock/clock_samd21_r21_da/clock.o
 .debug_info    0x0002b891     0x1ec5 src/ASF/sam0/drivers/system/clock/clock_samd21_r21_da/gclk.o
 .debug_info    0x0002d756     0x13e9 src/ASF/sam0/drivers/system/pinmux/pinmux.o
 .debug_info    0x0002eb3f      0xa67 src/ASF/sam0/drivers/system/system.o
 .debug_info    0x0002f5a6     0x6de2 src/ASF/sam0/drivers/usb/stack_interface/usb_device_udd.o
 .debug_info    0x00036388     0x526d src/ASF/sam0/drivers/usb/usb_sam_d_r/usb.o
 .debug_info    0x0003b5f5     0x3a49 src/ASF/sam0/utils/cmsis/samd21/source/gcc/startup_samd21.o
 .debug_info    0x0003f03e      0xd8c src/ASF/sam0/utils/syscalls/gcc/syscalls.o
 .debug_info    0x0003fdca     0x1442 src/flash.o
 .debug_info    0x0004120c     0x510c src/main.o
 .debug_info    0x00046318     0x2fd5 src/OPT3001.o
 .debug_info    0x000492ed     0x3db1 src/Si7021.o

.debug_abbrev   0x00000000     0x667c
 .debug_abbrev  0x00000000      0x4d2 src/application.o
 .debug_abbrev  0x000004d2      0x4ab src/ASF/common/services/usb/class/cdc/device/udi_cdc.o
 .debug_abbrev  0x0000097d      0x286 src/keypad.o
 .debug_abbrev  0x00000c03      0x3e3 src/LCD.o
 .debug_abbrev  0x00000fe6      0x352 src/RTC.o
 .debug_abbrev  0x00001338      0x277 src/testbench.o
 .debug_abbrev  0x000015af      0x31d src/usart.o
 .debug_abbrev  0x000018cc      0x31e src/WM8731.o
 .debug_abbrev  0x00001bea      0x3b9 src/ASF/common/services/usb/class/cdc/device/example/samd21j18a_samd21_xplained_pro/ui.o
 .debug_abbrev  0x00001fa3      0x1b2 src/ASF/common/services/sleepmgr/samd/sleepmgr.o
 .debug_abbrev  0x00002155      0x1e7 src/ASF/common/services/usb/class/cdc/device/udi_cdc_desc.o
 .debug_abbrev  0x0000233c      0x3f5 src/ASF/common/services/usb/udc/udc.o
 .debug_abbrev  0x00002731      0x22c src/ASF/common/utils/interrupt/interrupt_sam_nvic.o
 .debug_abbrev  0x0000295d      0x2dc src/ASF/sam0/boards/samd21_xplained_pro/board_init.o
 .debug_abbrev  0x00002c39      0x333 src/ASF/sam0/drivers/extint/extint_callback.o
 .debug_abbrev  0x00002f6c      0x4a7 src/ASF/sam0/drivers/extint/extint_sam_d_r/extint.o
 .debug_abbrev  0x00003413      0x491 src/ASF/sam0/drivers/nvm/nvm.o
 .debug_abbrev  0x000038a4      0x298 src/ASF/sam0/drivers/port/port.o
 .debug_abbrev  0x00003b3c      0x493 src/ASF/sam0/drivers/system/clock/clock_samd21_r21_da/clock.o
 .debug_abbrev  0x00003fcf      0x3f1 src/ASF/sam0/drivers/system/clock/clock_samd21_r21_da/gclk.o
 .debug_abbrev  0x000043c0      0x37b src/ASF/sam0/drivers/system/pinmux/pinmux.o
 .debug_abbrev  0x0000473b      0x1e1 src/ASF/sam0/drivers/system/system.o
 .debug_abbrev  0x0000491c      0x61c src/ASF/sam0/drivers/usb/stack_interface/usb_device_udd.o
 .debug_abbrev  0x00004f38      0x4e9 src/ASF/sam0/drivers/usb/usb_sam_d_r/usb.o
 .debug_abbrev  0x00005421      0x234 src/ASF/sam0/utils/cmsis/samd21/source/gcc/startup_samd21.o
 .debug_abbrev  0x00005655      0x257 src/ASF/sam0/utils/syscalls/gcc/syscalls.o
 .debug_abbrev  0x000058ac      0x2ae src/flash.o
 .debug_abbrev  0x00005b5a      0x3f5 src/main.o
 .debug_abbrev  0x00005f4f      0x316 src/OPT3001.o
 .debug_abbrev  0x00006265      0x417 src/Si7021.o

.debug_loc      0x00000000     0x9e2a
 .debug_loc     0x00000000      0x54d src/application.o
 .debug_loc     0x0000054d     0x11bd src/ASF/common/services/usb/class/cdc/device/udi_cdc.o
 .debug_loc     0x0000170a       0x3f src/keypad.o
 .debug_loc     0x00001749      0xd86 src/LCD.o
 .debug_loc     0x000024cf      0x367 src/RTC.o
 .debug_loc     0x00002836       0x74 src/testbench.o
 .debug_loc     0x000028aa      0x2af src/usart.o
 .debug_loc     0x00002b59      0x38b src/WM8731.o
 .debug_loc     0x00002ee4      0x208 src/ASF/common/services/usb/class/cdc/device/example/samd21j18a_samd21_xplained_pro/ui.o
 .debug_loc     0x000030ec      0x4d6 src/ASF/common/services/usb/udc/udc.o
 .debug_loc     0x000035c2       0x8b src/ASF/sam0/boards/samd21_xplained_pro/board_init.o
 .debug_loc     0x0000364d      0x2ac src/ASF/sam0/drivers/extint/extint_callback.o
 .debug_loc     0x000038f9      0x43d src/ASF/sam0/drivers/extint/extint_sam_d_r/extint.o
 .debug_loc     0x00003d36     0x10c4 src/ASF/sam0/drivers/nvm/nvm.o
 .debug_loc     0x00004dfa      0x13d src/ASF/sam0/drivers/port/port.o
 .debug_loc     0x00004f37      0xfff src/ASF/sam0/drivers/system/clock/clock_samd21_r21_da/clock.o
 .debug_loc     0x00005f36      0x504 src/ASF/sam0/drivers/system/clock/clock_samd21_r21_da/gclk.o
 .debug_loc     0x0000643a      0x36d src/ASF/sam0/drivers/system/pinmux/pinmux.o
 .debug_loc     0x000067a7       0x20 src/ASF/sam0/drivers/system/system.o
 .debug_loc     0x000067c7     0x136e src/ASF/sam0/drivers/usb/stack_interface/usb_device_udd.o
 .debug_loc     0x00007b35     0x1aff src/ASF/sam0/drivers/usb/usb_sam_d_r/usb.o
 .debug_loc     0x00009634       0x40 src/ASF/sam0/utils/cmsis/samd21/source/gcc/startup_samd21.o
 .debug_loc     0x00009674       0xef src/ASF/sam0/utils/syscalls/gcc/syscalls.o
 .debug_loc     0x00009763       0x3f src/flash.o
 .debug_loc     0x000097a2      0x259 src/main.o
 .debug_loc     0x000099fb      0x1d0 src/OPT3001.o
 .debug_loc     0x00009bcb      0x25f src/Si7021.o

.debug_aranges  0x00000000      0xb88
 .debug_aranges
                0x00000000       0x70 src/application.o
 .debug_aranges
                0x00000070      0x170 src/ASF/common/services/usb/class/cdc/device/udi_cdc.o
 .debug_aranges
                0x000001e0       0x28 src/keypad.o
 .debug_aranges
                0x00000208       0x88 src/LCD.o
 .debug_aranges
                0x00000290       0x48 src/RTC.o
 .debug_aranges
                0x000002d8       0x20 src/testbench.o
 .debug_aranges
                0x000002f8       0x40 src/usart.o
 .debug_aranges
                0x00000338       0x40 src/WM8731.o
 .debug_aranges
                0x00000378       0x90 src/ASF/common/services/usb/class/cdc/device/example/samd21j18a_samd21_xplained_pro/ui.o
 .debug_aranges
                0x00000408       0x18 src/ASF/common/services/sleepmgr/samd/sleepmgr.o
 .debug_aranges
                0x00000420       0x18 src/ASF/common/services/usb/class/cdc/device/udi_cdc_desc.o
 .debug_aranges
                0x00000438       0x70 src/ASF/common/services/usb/udc/udc.o
 .debug_aranges
                0x000004a8       0x28 src/ASF/common/utils/interrupt/interrupt_sam_nvic.o
 .debug_aranges
                0x000004d0       0x20 src/ASF/sam0/boards/samd21_xplained_pro/board_init.o
 .debug_aranges
                0x000004f0       0x48 src/ASF/sam0/drivers/extint/extint_callback.o
 .debug_aranges
                0x00000538       0x50 src/ASF/sam0/drivers/extint/extint_sam_d_r/extint.o
 .debug_aranges
                0x00000588       0x68 src/ASF/sam0/drivers/nvm/nvm.o
 .debug_aranges
                0x000005f0       0x28 src/ASF/sam0/drivers/port/port.o
 .debug_aranges
                0x00000618       0x78 src/ASF/sam0/drivers/system/clock/clock_samd21_r21_da/clock.o
 .debug_aranges
                0x00000690       0x80 src/ASF/sam0/drivers/system/clock/clock_samd21_r21_da/gclk.o
 .debug_aranges
                0x00000710       0x40 src/ASF/sam0/drivers/system/pinmux/pinmux.o
 .debug_aranges
                0x00000750       0x28 src/ASF/sam0/drivers/system/system.o
 .debug_aranges
                0x00000778      0x130 src/ASF/sam0/drivers/usb/stack_interface/usb_device_udd.o
 .debug_aranges
                0x000008a8      0x158 src/ASF/sam0/drivers/usb/usb_sam_d_r/usb.o
 .debug_aranges
                0x00000a00       0x28 src/ASF/sam0/utils/cmsis/samd21/source/gcc/startup_samd21.o
 .debug_aranges
                0x00000a28       0x60 src/ASF/sam0/utils/syscalls/gcc/syscalls.o
 .debug_aranges
                0x00000a88       0x20 src/flash.o
 .debug_aranges
                0x00000aa8       0x68 src/main.o
 .debug_aranges
                0x00000b10       0x30 src/OPT3001.o
 .debug_aranges
                0x00000b40       0x48 src/Si7021.o

.debug_ranges   0x00000000      0xfe0
 .debug_ranges  0x00000000       0xb0 src/application.o
 .debug_ranges  0x000000b0      0x1d8 src/ASF/common/services/usb/class/cdc/device/udi_cdc.o
 .debug_ranges  0x00000288       0x18 src/keypad.o
 .debug_ranges  0x000002a0      0x298 src/LCD.o
 .debug_ranges  0x00000538       0x38 src/RTC.o
 .debug_ranges  0x00000570       0x10 src/testbench.o
 .debug_ranges  0x00000580       0x60 src/usart.o
 .debug_ranges  0x000005e0       0x60 src/WM8731.o
 .debug_ranges  0x00000640       0x80 src/ASF/common/services/usb/class/cdc/device/example/samd21j18a_samd21_xplained_pro/ui.o
 .debug_ranges  0x000006c0       0xc8 src/ASF/common/services/usb/udc/udc.o
 .debug_ranges  0x00000788       0x18 src/ASF/common/utils/interrupt/interrupt_sam_nvic.o
 .debug_ranges  0x000007a0       0x10 src/ASF/sam0/boards/samd21_xplained_pro/board_init.o
 .debug_ranges  0x000007b0       0x90 src/ASF/sam0/drivers/extint/extint_callback.o
 .debug_ranges  0x00000840       0x40 src/ASF/sam0/drivers/extint/extint_sam_d_r/extint.o
 .debug_ranges  0x00000880      0x118 src/ASF/sam0/drivers/nvm/nvm.o
 .debug_ranges  0x00000998       0x18 src/ASF/sam0/drivers/port/port.o
 .debug_ranges  0x000009b0       0x68 src/ASF/sam0/drivers/system/clock/clock_samd21_r21_da/clock.o
 .debug_ranges  0x00000a18       0x88 src/ASF/sam0/drivers/system/clock/clock_samd21_r21_da/gclk.o
 .debug_ranges  0x00000aa0       0x30 src/ASF/sam0/drivers/system/pinmux/pinmux.o
 .debug_ranges  0x00000ad0       0x18 src/ASF/sam0/drivers/system/system.o
 .debug_ranges  0x00000ae8      0x1b0 src/ASF/sam0/drivers/usb/stack_interface/usb_device_udd.o
 .debug_ranges  0x00000c98      0x190 src/ASF/sam0/drivers/usb/usb_sam_d_r/usb.o
 .debug_ranges  0x00000e28       0x18 src/ASF/sam0/utils/cmsis/samd21/source/gcc/startup_samd21.o
 .debug_ranges  0x00000e40       0x50 src/ASF/sam0/utils/syscalls/gcc/syscalls.o
 .debug_ranges  0x00000e90       0x10 src/flash.o
 .debug_ranges  0x00000ea0       0x58 src/main.o
 .debug_ranges  0x00000ef8       0x68 src/OPT3001.o
 .debug_ranges  0x00000f60       0x80 src/Si7021.o

.debug_macro    0x00000000    0x21367
 .debug_macro   0x00000000      0x787 src/application.o
 .debug_macro   0x00000787      0x8c2 src/application.o
 .debug_macro   0x00001049      0x16d src/application.o
 .debug_macro   0x000011b6      0x652 src/application.o
 .debug_macro   0x00001808       0x22 src/application.o
 .debug_macro   0x0000182a       0x87 src/application.o
 .debug_macro   0x000018b1       0x51 src/application.o
 .debug_macro   0x00001902       0xef src/application.o
 .debug_macro   0x000019f1       0x6a src/application.o
 .debug_macro   0x00001a5b      0x1df src/application.o
 .debug_macro   0x00001c3a       0x10 src/application.o
 .debug_macro   0x00001c4a       0x76 src/application.o
 .debug_macro   0x00001cc0       0x16 src/application.o
 .debug_macro   0x00001cd6      0x6e5 src/application.o
 .debug_macro   0x000023bb      0xde2 src/application.o
 .debug_macro   0x0000319d       0x22 src/application.o
 .debug_macro   0x000031bf       0x40 src/application.o
 .debug_macro   0x000031ff       0x3a src/application.o
 .debug_macro   0x00003239       0x1f src/application.o
 .debug_macro   0x00003258      0x250 src/application.o
 .debug_macro   0x000034a8      0x682 src/application.o
 .debug_macro   0x00003b2a      0x8bf src/application.o
 .debug_macro   0x000043e9      0x235 src/application.o
 .debug_macro   0x0000461e      0xd6a src/application.o
 .debug_macro   0x00005388      0x4ce src/application.o
 .debug_macro   0x00005856      0x9f8 src/application.o
 .debug_macro   0x0000624e      0x82b src/application.o
 .debug_macro   0x00006a79      0x45f src/application.o
 .debug_macro   0x00006ed8       0x5e src/application.o
 .debug_macro   0x00006f36      0x906 src/application.o
 .debug_macro   0x0000783c      0x225 src/application.o
 .debug_macro   0x00007a61      0x963 src/application.o
 .debug_macro   0x000083c4       0x5e src/application.o
 .debug_macro   0x00008422      0x671 src/application.o
 .debug_macro   0x00008a93      0x3af src/application.o
 .debug_macro   0x00008e42      0xc7f src/application.o
 .debug_macro   0x00009ac1     0x1092 src/application.o
 .debug_macro   0x0000ab53      0xc4a src/application.o
 .debug_macro   0x0000b79d      0x6bf src/application.o
 .debug_macro   0x0000be5c     0x1bc9 src/application.o
 .debug_macro   0x0000da25     0x144a src/application.o
 .debug_macro   0x0000ee6f      0x34e src/application.o
 .debug_macro   0x0000f1bd       0x7c src/application.o
 .debug_macro   0x0000f239       0xa0 src/application.o
 .debug_macro   0x0000f2d9       0x4c src/application.o
 .debug_macro   0x0000f325       0xca src/application.o
 .debug_macro   0x0000f3ef       0x94 src/application.o
 .debug_macro   0x0000f483       0x58 src/application.o
 .debug_macro   0x0000f4db      0x387 src/application.o
 .debug_macro   0x0000f862       0x82 src/application.o
 .debug_macro   0x0000f8e4      0x197 src/application.o
 .debug_macro   0x0000fa7b       0xb8 src/application.o
 .debug_macro   0x0000fb33       0xa0 src/application.o
 .debug_macro   0x0000fbd3       0xb8 src/application.o
 .debug_macro   0x0000fc8b       0x1c src/application.o
 .debug_macro   0x0000fca7       0x1c src/application.o
 .debug_macro   0x0000fcc3       0x1c src/application.o
 .debug_macro   0x0000fcdf       0x82 src/application.o
 .debug_macro   0x0000fd61      0x161 src/application.o
 .debug_macro   0x0000fec2       0xdc src/application.o
 .debug_macro   0x0000ff9e      0x12f src/application.o
 .debug_macro   0x000100cd      0x12f src/application.o
 .debug_macro   0x000101fc      0x12f src/application.o
 .debug_macro   0x0001032b      0x12f src/application.o
 .debug_macro   0x0001045a      0x12f src/application.o
 .debug_macro   0x00010589      0x12f src/application.o
 .debug_macro   0x000106b8      0x124 src/application.o
 .debug_macro   0x000107dc       0xe2 src/application.o
 .debug_macro   0x000108be       0xe2 src/application.o
 .debug_macro   0x000109a0       0xe2 src/application.o
 .debug_macro   0x00010a82       0xe2 src/application.o
 .debug_macro   0x00010b64       0xe2 src/application.o
 .debug_macro   0x00010c46      0x133 src/application.o
 .debug_macro   0x00010d79      0x106 src/application.o
 .debug_macro   0x00010e7f       0xfa src/application.o
 .debug_macro   0x00010f79      0x40f src/application.o
 .debug_macro   0x00011388       0x40 src/application.o
 .debug_macro   0x000113c8      0x37d src/application.o
 .debug_macro   0x00011745     0x1e5c src/application.o
 .debug_macro   0x000135a1       0x6d src/application.o
 .debug_macro   0x0001360e       0x52 src/application.o
 .debug_macro   0x00013660       0x35 src/application.o
 .debug_macro   0x00013695       0x9c src/application.o
 .debug_macro   0x00013731       0x16 src/application.o
 .debug_macro   0x00013747       0x35 src/application.o
 .debug_macro   0x0001377c      0x330 src/application.o
 .debug_macro   0x00013aac       0x10 src/application.o
 .debug_macro   0x00013abc       0x52 src/application.o
 .debug_macro   0x00013b0e       0x1f src/application.o
 .debug_macro   0x00013b2d       0x43 src/application.o
 .debug_macro   0x00013b70       0x20 src/application.o
 .debug_macro   0x00013b90      0x187 src/application.o
 .debug_macro   0x00013d17       0x10 src/application.o
 .debug_macro   0x00013d27       0x1c src/application.o
 .debug_macro   0x00013d43       0x52 src/application.o
 .debug_macro   0x00013d95       0x40 src/application.o
 .debug_macro   0x00013dd5       0x10 src/application.o
 .debug_macro   0x00013de5       0x40 src/application.o
 .debug_macro   0x00013e25       0xd7 src/application.o
 .debug_macro   0x00013efc       0x16 src/application.o
 .debug_macro   0x00013f12      0x18b src/application.o
 .debug_macro   0x0001409d       0x16 src/application.o
 .debug_macro   0x000140b3       0x16 src/application.o
 .debug_macro   0x000140c9       0x29 src/application.o
 .debug_macro   0x000140f2       0x51 src/application.o
 .debug_macro   0x00014143       0x3f src/application.o
 .debug_macro   0x00014182      0x3df src/application.o
 .debug_macro   0x00014561       0x18 src/application.o
 .debug_macro   0x00014579       0x19 src/application.o
 .debug_macro   0x00014592      0x2bf src/application.o
 .debug_macro   0x00014851       0x10 src/application.o
 .debug_macro   0x00014861      0x9bf src/application.o
 .debug_macro   0x00015220       0x11 src/application.o
 .debug_macro   0x00015231       0x27 src/application.o
 .debug_macro   0x00015258       0x11 src/application.o
 .debug_macro   0x00015269       0x18 src/application.o
 .debug_macro   0x00015281       0x22 src/application.o
 .debug_macro   0x000152a3       0x2e src/application.o
 .debug_macro   0x000152d1       0x10 src/application.o
 .debug_macro   0x000152e1      0x228 src/application.o
 .debug_macro   0x00015509       0xbf src/application.o
 .debug_macro   0x000155c8       0x9c src/application.o
 .debug_macro   0x00015664      0x24b src/application.o
 .debug_macro   0x000158af      0x162 src/application.o
 .debug_macro   0x00015a11       0x16 src/application.o
 .debug_macro   0x00015a27       0x1c src/application.o
 .debug_macro   0x00015a43      0x192 src/application.o
 .debug_macro   0x00015bd5       0x40 src/application.o
 .debug_macro   0x00015c15       0x52 src/application.o
 .debug_macro   0x00015c67       0x40 src/application.o
 .debug_macro   0x00015ca7       0x10 src/application.o
 .debug_macro   0x00015cb7       0x34 src/application.o
 .debug_macro   0x00015ceb       0x10 src/application.o
 .debug_macro   0x00015cfb       0x10 src/application.o
 .debug_macro   0x00015d0b       0x52 src/application.o
 .debug_macro   0x00015d5d       0x10 src/application.o
 .debug_macro   0x00015d6d       0x10 src/application.o
 .debug_macro   0x00015d7d       0xa0 src/application.o
 .debug_macro   0x00015e1d       0x10 src/application.o
 .debug_macro   0x00015e2d      0x1e1 src/application.o
 .debug_macro   0x0001600e      0x674 src/ASF/common/services/usb/class/cdc/device/udi_cdc.o
 .debug_macro   0x00016682       0xb9 src/ASF/common/services/usb/class/cdc/device/udi_cdc.o
 .debug_macro   0x0001673b       0x16 src/ASF/common/services/usb/class/cdc/device/udi_cdc.o
 .debug_macro   0x00016751      0x6cc src/keypad.o
 .debug_macro   0x00016e1d      0x6ea src/LCD.o
 .debug_macro   0x00017507      0x6c2 src/RTC.o
 .debug_macro   0x00017bc9      0x753 src/testbench.o
 .debug_macro   0x0001831c       0x16 src/testbench.o
 .debug_macro   0x00018332      0x6ec src/usart.o
 .debug_macro   0x00018a1e      0x6cc src/WM8731.o